Component: Arm Compiler for Embedded 6.18 Tool: armlink [5e4cc100]

==============================================================================

Section Cross References

    startup_stm32f103xb.o(STACK) refers (Special) to heapauxi.o(.text) for __use_two_region_memory
    startup_stm32f103xb.o(HEAP) refers (Special) to heapauxi.o(.text) for __use_two_region_memory
    startup_stm32f103xb.o(RESET) refers (Special) to heapauxi.o(.text) for __use_two_region_memory
    startup_stm32f103xb.o(RESET) refers to startup_stm32f103xb.o(STACK) for __initial_sp
    startup_stm32f103xb.o(RESET) refers to startup_stm32f103xb.o(.text) for Reset_Handler
    startup_stm32f103xb.o(RESET) refers to stm32f1xx_it.o(.text.NMI_Handler) for NMI_Handler
    startup_stm32f103xb.o(RESET) refers to stm32f1xx_it.o(.text.HardFault_Handler) for HardFault_Handler
    startup_stm32f103xb.o(RESET) refers to stm32f1xx_it.o(.text.MemManage_Handler) for MemManage_Handler
    startup_stm32f103xb.o(RESET) refers to stm32f1xx_it.o(.text.BusFault_Handler) for BusFault_Handler
    startup_stm32f103xb.o(RESET) refers to stm32f1xx_it.o(.text.UsageFault_Handler) for UsageFault_Handler
    startup_stm32f103xb.o(RESET) refers to stm32f1xx_it.o(.text.SVC_Handler) for SVC_Handler
    startup_stm32f103xb.o(RESET) refers to stm32f1xx_it.o(.text.DebugMon_Handler) for DebugMon_Handler
    startup_stm32f103xb.o(RESET) refers to stm32f1xx_it.o(.text.PendSV_Handler) for PendSV_Handler
    startup_stm32f103xb.o(RESET) refers to stm32f1xx_it.o(.text.SysTick_Handler) for SysTick_Handler
    startup_stm32f103xb.o(RESET) refers to stm32f1xx_it.o(.text.TIM1_BRK_IRQHandler) for TIM1_BRK_IRQHandler
    startup_stm32f103xb.o(RESET) refers to stm32f1xx_it.o(.text.TIM1_UP_IRQHandler) for TIM1_UP_IRQHandler
    startup_stm32f103xb.o(RESET) refers to stm32f1xx_it.o(.text.TIM1_TRG_COM_IRQHandler) for TIM1_TRG_COM_IRQHandler
    startup_stm32f103xb.o(RESET) refers to stm32f1xx_it.o(.text.TIM1_CC_IRQHandler) for TIM1_CC_IRQHandler
    startup_stm32f103xb.o(RESET) refers to stm32f1xx_it.o(.text.USART3_IRQHandler) for USART3_IRQHandler
    startup_stm32f103xb.o(.text) refers (Special) to heapauxi.o(.text) for __use_two_region_memory
    startup_stm32f103xb.o(.text) refers to system_stm32f1xx.o(.text.SystemInit) for SystemInit
    startup_stm32f103xb.o(.text) refers to __main.o(!!!main) for __main
    startup_stm32f103xb.o(.text) refers to startup_stm32f103xb.o(HEAP) for Heap_Mem
    startup_stm32f103xb.o(.text) refers to startup_stm32f103xb.o(STACK) for Stack_Mem
    mpu9250.o(.text.ftoa) refers to dcmp.o(x$fpl$fcmp) for __aeabi_dcmpge
    mpu9250.o(.text.ftoa) refers to mpu9250.o(.rodata.rounders) for rounders
    mpu9250.o(.text.ftoa) refers to daddsub_clz.o(x$fpl$dadd) for __aeabi_dadd
    mpu9250.o(.text.ftoa) refers to dfix.o(x$fpl$dfix) for __aeabi_d2iz
    mpu9250.o(.text.ftoa) refers to dflt_clz.o(x$fpl$dflt) for __aeabi_i2d
    mpu9250.o(.text.ftoa) refers to daddsub_clz.o(x$fpl$dsub) for __aeabi_dsub
    mpu9250.o(.text.ftoa) refers to dmul.o(x$fpl$dmul) for __aeabi_dmul
    mpu9250.o(.ARM.exidx.text.ftoa) refers to mpu9250.o(.text.ftoa) for [Anonymous Symbol]
    mpu9250.o(.text.init_IMU) refers to main.o(.bss.hi2c1) for hi2c1
    mpu9250.o(.text.init_IMU) refers to stm32f1xx_hal_i2c.o(.text.HAL_I2C_IsDeviceReady) for HAL_I2C_IsDeviceReady
    mpu9250.o(.text.init_IMU) refers to stm32f1xx_hal_i2c.o(.text.HAL_I2C_Master_Transmit) for HAL_I2C_Master_Transmit
    mpu9250.o(.text.init_IMU) refers to stm32f1xx_hal.o(.text.HAL_Delay) for HAL_Delay
    mpu9250.o(.text.init_IMU) refers to mpu9250.o(.text.mpu9250_set_clock_source) for mpu9250_set_clock_source
    mpu9250.o(.text.init_IMU) refers to mpu9250.o(.text.Set_Accel_Range) for Set_Accel_Range
    mpu9250.o(.text.init_IMU) refers to mpu9250.o(.text.Set_Gyro_Range) for Set_Gyro_Range
    mpu9250.o(.ARM.exidx.text.init_IMU) refers to mpu9250.o(.text.init_IMU) for [Anonymous Symbol]
    mpu9250.o(.text.mpu9250_set_clock_source) refers to main.o(.bss.hi2c1) for hi2c1
    mpu9250.o(.text.mpu9250_set_clock_source) refers to stm32f1xx_hal_i2c.o(.text.HAL_I2C_Master_Transmit) for HAL_I2C_Master_Transmit
    mpu9250.o(.ARM.exidx.text.mpu9250_set_clock_source) refers to mpu9250.o(.text.mpu9250_set_clock_source) for [Anonymous Symbol]
    mpu9250.o(.text.Set_Accel_Range) refers to main.o(.bss.hi2c1) for hi2c1
    mpu9250.o(.text.Set_Accel_Range) refers to stm32f1xx_hal_i2c.o(.text.HAL_I2C_Master_Transmit) for HAL_I2C_Master_Transmit
    mpu9250.o(.text.Set_Accel_Range) refers to stm32f1xx_hal_i2c.o(.text.HAL_I2C_Master_Receive) for HAL_I2C_Master_Receive
    mpu9250.o(.ARM.exidx.text.Set_Accel_Range) refers to mpu9250.o(.text.Set_Accel_Range) for [Anonymous Symbol]
    mpu9250.o(.text.Set_Gyro_Range) refers to main.o(.bss.hi2c1) for hi2c1
    mpu9250.o(.text.Set_Gyro_Range) refers to stm32f1xx_hal_i2c.o(.text.HAL_I2C_Master_Transmit) for HAL_I2C_Master_Transmit
[...]
    stm32f1xx_hal_tim.o(.text.HAL_TIM_OC_Start_DMA) refers to stm32f1xx_hal_tim.o(.text.TIM_DMADelayPulseHalfCplt) for TIM_DMADelayPulseHalfCplt
    stm32f1xx_hal_tim.o(.text.HAL_TIM_OC_Start_DMA) refers to stm32f1xx_hal_tim.o(.text.TIM_DMAError) for TIM_DMAError
    stm32f1xx_hal_tim.o(.text.HAL_TIM_OC_Start_DMA) refers to stm32f1xx_hal_dma.o(.text.HAL_DMA_Start_IT) for HAL_DMA_Start_IT
    stm32f1xx_hal_tim.o(.text.HAL_TIM_OC_Start_DMA) refers to stm32f1xx_hal_tim.o(.text.TIM_CCxChannelCmd) for TIM_CCxChannelCmd
    stm32f1xx_hal_tim.o(.ARM.exidx.text.HAL_TIM_OC_Start_DMA) refers to stm32f1xx_hal_tim.o(.text.HAL_TIM_OC_Start_DMA) for [Anonymous Symbol]
    stm32f1xx_hal_tim.o(.text.TIM_DMADelayPulseCplt) refers to stm32f1xx_hal_tim.o(.text.HAL_TIM_PWM_PulseFinishedCallback) for HAL_TIM_PWM_PulseFinishedCallback
    stm32f1xx_hal_tim.o(.ARM.exidx.text.TIM_DMADelayPulseCplt) refers to stm32f1xx_hal_tim.o(.text.TIM_DMADelayPulseCplt) for [Anonymous Symbol]
    stm32f1xx_hal_tim.o(.text.TIM_DMADelayPulseHalfCplt) refers to stm32f1xx_hal_tim.o(.text.HAL_TIM_PWM_PulseFinishedHalfCpltCallback) for HAL_TIM_PWM_PulseFinishedHalfCpltCallback
    stm32f1xx_hal_tim.o(.ARM.exidx.text.TIM_DMADelayPulseHalfCplt) refers to stm32f1xx_hal_tim.o(.text.TIM_DMADelayPulseHalfCplt) for [Anonymous Symbol]
    stm32f1xx_hal_tim.o(.text.HAL_TIM_OC_Stop_DMA) refers to stm32f1xx_hal_dma.o(.text.HAL_DMA_Abort_IT) for HAL_DMA_Abort_IT
    stm32f1xx_hal_tim.o(.text.HAL_TIM_OC_Stop_DMA) refers to stm32f1xx_hal_tim.o(.text.TIM_CCxChannelCmd) for TIM_CCxChannelCmd
    stm32f1xx_hal_tim.o(.ARM.exidx.text.HAL_TIM_OC_Stop_DMA) refers to stm32f1xx_hal_tim.o(.text.HAL_TIM_OC_Stop_DMA) for [Anonymous Symbol]
    stm32f1xx_hal_tim.o(.text.HAL_TIM_PWM_Init) refers to stm32f1xx_hal_tim.o(.text.HAL_TIM_PWM_MspInit) for HAL_TIM_PWM_MspInit
    stm32f1xx_hal_tim.o(.text.HAL_TIM_PWM_Init) refers to stm32f1xx_hal_tim.o(.text.TIM_Base_SetConfig) for TIM_Base_SetConfig
    stm32f1xx_hal_tim.o(.ARM.exidx.text.HAL_TIM_PWM_Init) refers to stm32f1xx_hal_tim.o(.text.HAL_TIM_PWM_Init) for [Anonymous Symbol]
    stm32f1xx_hal_tim.o(.ARM.exidx.text.HAL_TIM_PWM_MspInit) refers to stm32f1xx_hal_tim.o(.text.HAL_TIM_PWM_MspInit) for [Anonymous Symbol]
    stm32f1xx_hal_tim.o(.text.HAL_TIM_PWM_DeInit) refers to stm32f1xx_hal_tim.o(.text.HAL_TIM_PWM_MspDeInit) for HAL_TIM_PWM_MspDeInit
    stm32f1xx_hal_tim.o(.ARM.exidx.text.HAL_TIM_PWM_DeInit) refers to stm32f1xx_hal_tim.o(.text.HAL_TIM_PWM_DeInit) for [Anonymous Symbol]
    stm32f1xx_hal_tim.o(.ARM.exidx.text.HAL_TIM_PWM_MspDeInit) refers to stm32f1xx_hal_tim.o(.text.HAL_TIM_PWM_MspDeInit) for [Anonymous Symbol]
    stm32f1xx_hal_tim.o(.text.HAL_TIM_PWM_Start) refers to stm32f1xx_hal_tim.o(.text.TIM_CCxChannelCmd) for TIM_CCxChannelCmd
    stm32f1xx_hal_tim.o(.ARM.exidx.text.HAL_TIM_PWM_Start) refers to stm32f1xx_hal_tim.o(.text.HAL_TIM_PWM_Start) for [Anonymous Symbol]
    stm32f1xx_hal_tim.o(.text.HAL_TIM_PWM_Stop) refers to stm32f1xx_hal_tim.o(.text.TIM_CCxChannelCmd) for TIM_CCxChannelCmd
    stm32f1xx_hal_tim.o(.ARM.exidx.text.HAL_TIM_PWM_Stop) refers to stm32f1xx_hal_tim.o(.text.HAL_TIM_PWM_Stop) for [Anonymous Symbol]
    stm32f1xx_hal_tim.o(.text.HAL_TIM_PWM_Start_IT) refers to stm32f1xx_hal_tim.o(.text.TIM_CCxChannelCmd) for TIM_CCxChannelCmd
    stm32f1xx_hal_tim.o(.ARM.exidx.text.HAL_TIM_PWM_Start_IT) refers to stm32f1xx_hal_tim.o(.text.HAL_TIM_PWM_Start_IT) for [Anonymous Symbol]
    stm32f1xx_hal_tim.o(.text.HAL_TIM_PWM_Stop_IT) refers to stm32f1xx_hal_tim.o(.text.TIM_CCxChannelCmd) for TIM_CCxChannelCmd
    stm32f1xx_hal_tim.o(.ARM.exidx.text.HAL_TIM_PWM_Stop_IT) refers to stm32f1xx_hal_tim.o(.text.HAL_TIM_PWM_Stop_IT) for [Anonymous Symbol]
    stm32f1xx_hal_tim.o(.text.HAL_TIM_PWM_Start_DMA) refers to stm32f1xx_hal_tim.o(.text.TIM_DMADelayPulseCplt) for TIM_DMADelayPulseCplt
    stm32f1xx_hal_tim.o(.text.HAL_TIM_PWM_Start_DMA) refers to stm32f1xx_hal_tim.o(.text.TIM_DMADelayPulseHalfCplt) for TIM_DMADelayPulseHalfCplt
    stm32f1xx_hal_tim.o(.text.HAL_TIM_PWM_Start_DMA) refers to stm32f1xx_hal_tim.o(.text.TIM_DMAError) for TIM_DMAError
    stm32f1xx_hal_tim.o(.text.HAL_TIM_PWM_Start_DMA) refers to stm32f1xx_hal_dma.o(.text.HAL_DMA_Start_IT) for HAL_DMA_Start_IT
    stm32f1xx_hal_tim.o(.text.HAL_TIM_PWM_Start_DMA) refers to stm32f1xx_hal_tim.o(.text.TIM_CCxChannelCmd) for TIM_CCxChannelCmd
    stm32f1xx_hal_tim.o(.ARM.exidx.text.HAL_TIM_PWM_Start_DMA) refers to stm32f1xx_hal_tim.o(.text.HAL_TIM_PWM_Start_DMA) for [Anonymous Symbol]
    stm32f1xx_hal_tim.o(.text.HAL_TIM_PWM_Stop_DMA) refers to stm32f1xx_hal_dma.o(.text.HAL_DMA_Abort_IT) for HAL_DMA_Abort_IT
    stm32f1xx_hal_tim.o(.text.HAL_TIM_PWM_Stop_DMA) refers to stm32f1xx_hal_tim.o(.text.TIM_CCxChannelCmd) for TIM_CCxChannelCmd
    stm32f1xx_hal_tim.o(.ARM.exidx.text.HAL_TIM_PWM_Stop_DMA) refers to stm32f1xx_hal_tim.o(.text.HAL_TIM_PWM_Stop_DMA) for [Anonymous Symbol]
    stm32f1xx_hal_tim.o(.text.HAL_TIM_IC_Init) refers to stm32f1xx_hal_tim.o(.text.HAL_TIM_IC_MspInit) for HAL_TIM_IC_MspInit
    stm32f1xx_hal_tim.o(.text.HAL_TIM_IC_Init) refers to stm32f1xx_hal_tim.o(.text.TIM_Base_SetConfig) for TIM_Base_SetConfig
    stm32f1xx_hal_tim.o(.ARM.exidx.text.HAL_TIM_IC_Init) refers to stm32f1xx_hal_tim.o(.text.HAL_TIM_IC_Init) for [Anonymous Symbol]
    stm32f1xx_hal_tim.o(.ARM.exidx.text.HAL_TIM_IC_MspInit) refers to stm32f1xx_hal_tim.o(.text.HAL_TIM_IC_MspInit) for [Anonymous Symbol]
    stm32f1xx_hal_tim.o(.text.HAL_TIM_IC_DeInit) refers to stm32f1xx_hal_tim.o(.text.HAL_TIM_IC_MspDeInit) for HAL_TIM_IC_MspDeInit
    stm32f1xx_hal_tim.o(.ARM.exidx.text.HAL_TIM_IC_DeInit) refers to stm32f1xx_hal_tim.o(.text.HAL_TIM_IC_DeInit) for [Anonymous Symbol]
    stm32f1xx_hal_tim.o(.ARM.exidx.text.HAL_TIM_IC_MspDeInit) refers to stm32f1xx_hal_tim.o(.text.HAL_TIM_IC_MspDeInit) for [Anonymous Symbol]
    stm32f1xx_hal_tim.o(.text.HAL_TIM_IC_Start) refers to stm32f1xx_hal_tim.o(.text.TIM_CCxChannelCmd) for TIM_CCxChannelCmd
    stm32f1xx_hal_tim.o(.ARM.exidx.text.HAL_TIM_IC_Start) refers to stm32f1xx_hal_tim.o(.text.HAL_TIM_IC_Start) for [Anonymous Symbol]
    stm32f1xx_hal_tim.o(.text.HAL_TIM_IC_Stop) refers to stm32f1xx_hal_tim.o(.text.TIM_CCxChannelCmd) for TIM_CCxChannelCmd
    stm32f1xx_hal_tim.o(.ARM.exidx.text.HAL_TIM_IC_Stop) refers to stm32f1xx_hal_tim.o(.text.HAL_TIM_IC_Stop) for [Anonymous Symbol]
    stm32f1xx_hal_tim.o(.text.HAL_TIM_IC_Start_IT) refers to stm32f1xx_hal_tim.o(.text.TIM_CCxChannelCmd) for TIM_CCxChannelCmd
    stm32f1xx_hal_tim.o(.ARM.exidx.text.HAL_TIM_IC_Start_IT) refers to stm32f1xx_hal_tim.o(.text.HAL_TIM_IC_Start_IT) for [Anonymous Symbol]
    stm32f1xx_hal_tim.o(.text.HAL_TIM_IC_Stop_IT) refers to stm32f1xx_hal_tim.o(.text.TIM_CCxChannelCmd) for TIM_CCxChannelCmd
    stm32f1xx_hal_tim.o(.ARM.exidx.text.HAL_TIM_IC_Stop_IT) refers to stm32f1xx_hal_tim.o(.text.HAL_TIM_IC_Stop_IT) for [Anonymous Symbol]
    stm32f1xx_hal_tim.o(.text.HAL_TIM_IC_Start_DMA) refers to stm32f1xx_hal_tim.o(.text.TIM_CCxChannelCmd) for TIM_CCxChannelCmd
    stm32f1xx_hal_tim.o(.text.HAL_TIM_IC_Start_DMA) refers to stm32f1xx_hal_tim.o(.text.TIM_DMACaptureCplt) for TIM_DMACaptureCplt
    stm32f1xx_hal_tim.o(.text.HAL_TIM_IC_Start_DMA) refers to stm32f1xx_hal_tim.o(.text.TIM_DMACaptureHalfCplt) for TIM_DMACaptureHalfCplt
    stm32f1xx_hal_tim.o(.text.HAL_TIM_IC_Start_DMA) refers to stm32f1xx_hal_tim.o(.text.TIM_DMAError) for TIM_DMAError
    stm32f1xx_hal_tim.o(.text.HAL_TIM_IC_Start_DMA) refers to stm32f1xx_hal_dma.o(.text.HAL_DMA_Start_IT) for HAL_DMA_Start_IT
    stm32f1xx_hal_tim.o(.ARM.exidx.text.HAL_TIM_IC_Start_DMA) refers to stm32f1xx_hal_tim.o(.text.HAL_TIM_IC_Start_DMA) for [Anonymous Symbol]
    stm32f1xx_hal_tim.o(.text.TIM_DMACaptureCplt) refers to stm32f1xx_hal_tim.o(.text.HAL_TIM_IC_CaptureCallback) for HAL_TIM_IC_CaptureCallback
    stm32f1xx_hal_tim.o(.ARM.exidx.text.TIM_DMACaptureCplt) refers to stm32f1xx_hal_tim.o(.text.TIM_DMACaptureCplt) for [Anonymous Symbol]
    stm32f1xx_hal_tim.o(.text.TIM_DMACaptureHalfCplt) refers to stm32f1xx_hal_tim.o(.text.HAL_TIM_IC_CaptureHalfCpltCallback) for HAL_TIM_IC_CaptureHalfCpltCallback
    stm32f1xx_hal_tim.o(.ARM.exidx.text.TIM_DMACaptureHalfCplt) refers to stm32f1xx_hal_tim.o(.text.TIM_DMACaptureHalfCplt) for [Anonymous Symbol]
    stm32f1xx_hal_tim.o(.text.HAL_TIM_IC_Stop_DMA) refers to stm32f1xx_hal_tim.o(.text.TIM_CCxChannelCmd) for TIM_CCxChannelCmd
    stm32f1xx_hal_tim.o(.text.HAL_TIM_IC_Stop_DMA) refers to stm32f1xx_hal_dma.o(.text.HAL_DMA_Abort_IT) for HAL_DMA_Abort_IT
    stm32f1xx_hal_tim.o(.ARM.exidx.text.HAL_TIM_IC_Stop_DMA) refers to stm32f1xx_hal_tim.o(.text.HAL_TIM_IC_Stop_DMA) for [Anonymous Symbol]
    stm32f1xx_hal_tim.o(.text.HAL_TIM_OnePulse_Init) refers to stm32f1xx_hal_tim.o(.text.HAL_TIM_OnePulse_MspInit) for HAL_TIM_OnePulse_MspInit
    stm32f1xx_hal_tim.o(.text.HAL_TIM_OnePulse_Init) refers to stm32f1xx_hal_tim.o(.text.TIM_Base_SetConfig) for TIM_Base_SetConfig
    stm32f1xx_hal_tim.o(.ARM.exidx.text.HAL_TIM_OnePulse_Init) refers to stm32f1xx_hal_tim.o(.text.HAL_TIM_OnePulse_Init) for [Anonymous Symbol]
    stm32f1xx_hal_tim.o(.ARM.exidx.text.HAL_TIM_OnePulse_MspInit) refers to stm32f1xx_hal_tim.o(.text.HAL_TIM_OnePulse_MspInit) for [Anonymous Symbol]
    stm32f1xx_hal_tim.o(.text.HAL_TIM_OnePulse_DeInit) refers to stm32f1xx_hal_tim.o(.text.HAL_TIM_OnePulse_MspDeInit) for HAL_TIM_OnePulse_MspDeInit
    stm32f1xx_hal_tim.o(.ARM.exidx.text.HAL_TIM_OnePulse_DeInit) refers to stm32f1xx_hal_tim.o(.text.HAL_TIM_OnePulse_DeInit) for [Anonymous Symbol]
    stm32f1xx_hal_tim.o(.ARM.exidx.text.HAL_TIM_OnePulse_MspDeInit) refers to stm32f1xx_hal_tim.o(.text.HAL_TIM_OnePulse_MspDeInit) for [Anonymous Symbol]
    stm32f1xx_hal_tim.o(.text.HAL_TIM_OnePulse_Start) refers to stm32f1xx_hal_tim.o(.text.TIM_CCxChannelCmd) for TIM_CCxChannelCmd
    stm32f1xx_hal_tim.o(.ARM.exidx.text.HAL_TIM_OnePulse_Start) refers to stm32f1xx_hal_tim.o(.text.HAL_TIM_OnePulse_Start) for [Anonymous Symbol]
    stm32f1xx_hal_tim.o(.text.HAL_TIM_OnePulse_Stop) refers to stm32f1xx_hal_tim.o(.text.TIM_CCxChannelCmd) for TIM_CCxChannelCmd
    stm32f1xx_hal_tim.o(.ARM.exidx.text.HAL_TIM_OnePulse_Stop) refers to stm32f1xx_hal_tim.o(.text.HAL_TIM_OnePulse_Stop) for [Anonymous Symbol]
    stm32f1xx_hal_tim.o(.text.HAL_TIM_OnePulse_Start_IT) refers to stm32f1xx_hal_tim.o(.text.TIM_CCxChannelCmd) for TIM_CCxChannelCmd
    stm32f1xx_hal_tim.o(.ARM.exidx.text.HAL_TIM_OnePulse_Start_IT) refers to stm32f1xx_hal_tim.o(.text.HAL_TIM_OnePulse_Start_IT) for [Anonymous Symbol]
    stm32f1xx_hal_tim.o(.text.HAL_TIM_OnePulse_Stop_IT) refers to stm32f1xx_hal_tim.o(.text.TIM_CCxChannelCmd) for TIM_CCxChannelCmd
    stm32f1xx_hal_tim.o(.ARM.exidx.text.HAL_TIM_OnePulse_Stop_IT) refers to stm32f1xx_hal_tim.o(.text.HAL_TIM_OnePulse_Stop_IT) for [Anonymous Symbol]
    stm32f1xx_hal_tim.o(.text.HAL_TIM_Encoder_Init) refers to stm32f1xx_hal_tim.o(.text.HAL_TIM_Encoder_MspInit) for HAL_TIM_Encoder_MspInit
    stm32f1xx_hal_tim.o(.text.HAL_TIM_Encoder_Init) refers to stm32f1xx_hal_tim.o(.text.TIM_Base_SetConfig) for TIM_Base_SetConfig
    stm32f1xx_hal_tim.o(.ARM.exidx.text.HAL_TIM_Encoder_Init) refers to stm32f1xx_hal_tim.o(.text.HAL_TIM_Encoder_Init) for [Anonymous Symbol]
    stm32f1xx_hal_tim.o(.ARM.exidx.text.HAL_TIM_Encoder_MspInit) refers to stm32f1xx_hal_tim.o(.text.HAL_TIM_Encoder_MspInit) for [Anonymous Symbol]
    stm32f1xx_hal_tim.o(.text.HAL_TIM_Encoder_DeInit) refers to stm32f1xx_hal_tim.o(.text.HAL_TIM_Encoder_MspDeInit) for HAL_TIM_Encoder_MspDeInit
    stm32f1xx_hal_tim.o(.ARM.exidx.text.HAL_TIM_Encoder_DeInit) refers to stm32f1xx_hal_tim.o(.text.HAL_TIM_Encoder_DeInit) for [Anonymous Symbol]
    stm32f1xx_hal_tim.o(.ARM.exidx.text.HAL_TIM_Encoder_MspDeInit) refers to stm32f1xx_hal_tim.o(.text.HAL_TIM_Encoder_MspDeInit) for [Anonymous Symbol]
    stm32f1xx_hal_tim.o(.text.HAL_TIM_Encoder_Start) refers to stm32f1xx_hal_tim.o(.text.TIM_CCxChannelCmd) for TIM_CCxChannelCmd
    stm32f1xx_hal_tim.o(.ARM.exidx.text.HAL_TIM_Encoder_Start) refers to stm32f1xx_hal_tim.o(.text.HAL_TIM_Encoder_Start) for [Anonymous Symbol]
    stm32f1xx_hal_tim.o(.text.HAL_TIM_Encoder_Stop) refers to stm32f1xx_hal_tim.o(.text.TIM_CCxChannelCmd) for TIM_CCxChannelCmd
    stm32f1xx_hal_tim.o(.ARM.exidx.text.HAL_TIM_Encoder_Stop) refers to stm32f1xx_hal_tim.o(.text.HAL_TIM_Encoder_Stop) for [Anonymous Symbol]
    stm32f1xx_hal_tim.o(.text.HAL_TIM_Encoder_Start_IT) refers to stm32f1xx_hal_tim.o(.text.TIM_CCxChannelCmd) for TIM_CCxChannelCmd
    stm32f1xx_hal_tim.o(.ARM.exidx.text.HAL_TIM_Encoder_Start_IT) refers to stm32f1xx_hal_tim.o(.text.HAL_TIM_Encoder_Start_IT) for [Anonymous Symbol]
    stm32f1xx_hal_tim.o(.text.HAL_TIM_Encoder_Stop_IT) refers to stm32f1xx_hal_tim.o(.text.TIM_CCxChannelCmd) for TIM_CCxChannelCmd
    stm32f1xx_hal_tim.o(.ARM.exidx.text.HAL_TIM_Encoder_Stop_IT) refers to stm32f1xx_hal_tim.o(.text.HAL_TIM_Encoder_Stop_IT) for [Anonymous Symbol]
    stm32f1xx_hal_tim.o(.text.HAL_TIM_Encoder_Start_DMA) refers to stm32f1xx_hal_tim.o(.text.TIM_DMACaptureCplt) for TIM_DMACaptureCplt
    stm32f1xx_hal_tim.o(.text.HAL_TIM_Encoder_Start_DMA) refers to stm32f1xx_hal_tim.o(.text.TIM_DMACaptureHalfCplt) for TIM_DMACaptureHalfCplt
    stm32f1xx_hal_tim.o(.text.HAL_TIM_Encoder_Start_DMA) refers to stm32f1xx_hal_tim.o(.text.TIM_DMAError) for TIM_DMAError
    stm32f1xx_hal_tim.o(.text.HAL_TIM_Encoder_Start_DMA) refers to stm32f1xx_hal_dma.o(.text.HAL_DMA_Start_IT) for HAL_DMA_Start_IT
    stm32f1xx_hal_tim.o(.text.HAL_TIM_Encoder_Start_DMA) refers to stm32f1xx_hal_tim.o(.text.TIM_CCxChannelCmd) for TIM_CCxChannelCmd
    stm32f1xx_hal_tim.o(.ARM.exidx.text.HAL_TIM_Encoder_Start_DMA) refers to stm32f1xx_hal_tim.o(.text.HAL_TIM_Encoder_Start_DMA) for [Anonymous Symbol]
    stm32f1xx_hal_tim.o(.text.HAL_TIM_Encoder_Stop_DMA) refers to stm32f1xx_hal_tim.o(.text.TIM_CCxChannelCmd) for TIM_CCxChannelCmd
    stm32f1xx_hal_tim.o(.text.HAL_TIM_Encoder_Stop_DMA) refers to stm32f1xx_hal_dma.o(.text.HAL_DMA_Abort_IT) for HAL_DMA_Abort_IT
    stm32f1xx_hal_tim.o(.ARM.exidx.text.HAL_TIM_Encoder_Stop_DMA) refers to stm32f1xx_hal_tim.o(.text.HAL_TIM_Encoder_Stop_DMA) for [Anonymous Symbol]
    stm32f1xx_hal_tim.o(.text.HAL_TIM_IRQHandler) refers to stm32f1xx_hal_tim.o(.text.HAL_TIM_IC_CaptureCallback) for HAL_TIM_IC_CaptureCallback
    stm32f1xx_hal_tim.o(.text.HAL_TIM_IRQHandler) refers to stm32f1xx_hal_tim.o(.text.HAL_TIM_OC_DelayElapsedCallback) for HAL_TIM_OC_DelayElapsedCallback
    stm32f1xx_hal_tim.o(.text.HAL_TIM_IRQHandler) refers to stm32f1xx_hal_tim.o(.text.HAL_TIM_PWM_PulseFinishedCallback) for HAL_TIM_PWM_PulseFinishedCallback
    stm32f1xx_hal_tim.o(.text.HAL_TIM_IRQHandler) refers to main.o(.text.HAL_TIM_PeriodElapsedCallback) for HAL_TIM_PeriodElapsedCallback
    stm32f1xx_hal_tim.o(.text.HAL_TIM_IRQHandler) refers to stm32f1xx_hal_tim_ex.o(.text.HAL_TIMEx_BreakCallback) for HAL_TIMEx_BreakCallback
    stm32f1xx_hal_tim.o(.text.HAL_TIM_IRQHandler) refers to stm32f1xx_hal_tim.o(.text.HAL_TIM_TriggerCallback) for HAL_TIM_TriggerCallback
    stm32f1xx_hal_tim.o(.text.HAL_TIM_IRQHandler) refers to stm32f1xx_hal_tim_ex.o(.text.HAL_TIMEx_CommutCallback) for HAL_TIMEx_CommutCallback
    stm32f1xx_hal_tim.o(.ARM.exidx.text.HAL_TIM_IRQHandler) refers to stm32f1xx_hal_tim.o(.text.HAL_TIM_IRQHandler) for [Anonymous Symbol]
    stm32f1xx_hal_tim.o(.ARM.exidx.text.HAL_TIM_IC_CaptureCallback) refers to stm32f1xx_hal_tim.o(.text.HAL_TIM_IC_CaptureCallback) for [Anonymous Symbol]
    stm32f1xx_hal_tim.o(.ARM.exidx.text.HAL_TIM_OC_DelayElapsedCallback) refers to stm32f1xx_hal_tim.o(.text.HAL_TIM_OC_DelayElapsedCallback) for [Anonymous Symbol]
    stm32f1xx_hal_tim.o(.ARM.exidx.text.HAL_TIM_PWM_PulseFinishedCallback) refers to stm32f1xx_hal_tim.o(.text.HAL_TIM_PWM_PulseFinishedCallback) for [Anonymous Symbol]
    stm32f1xx_hal_tim.o(.ARM.exidx.text.HAL_TIM_PeriodElapsedCallback) refers to stm32f1xx_hal_tim.o(.text.HAL_TIM_PeriodElapsedCallback) for [Anonymous Symbol]
    stm32f1xx_hal_tim.o(.ARM.exidx.text.HAL_TIM_TriggerCallback) refers to stm32f1xx_hal_tim.o(.text.HAL_TIM_TriggerCallback) for [Anonymous Symbol]
    stm32f1xx_hal_tim.o(.text.HAL_TIM_OC_ConfigChannel) refers to stm32f1xx_hal_tim.o(.text.TIM_OC1_SetConfig) for TIM_OC1_SetConfig
    stm32f1xx_hal_tim.o(.text.HAL_TIM_OC_ConfigChannel) refers to stm32f1xx_hal_tim.o(.text.TIM_OC2_SetConfig) for TIM_OC2_SetConfig
    stm32f1xx_hal_tim.o(.text.HAL_TIM_OC_ConfigChannel) refers to stm32f1xx_hal_tim.o(.text.TIM_OC3_SetConfig) for TIM_OC3_SetConfig
    stm32f1xx_hal_tim.o(.text.HAL_TIM_OC_ConfigChannel) refers to stm32f1xx_hal_tim.o(.text.TIM_OC4_SetConfig) for TIM_OC4_SetConfig
    stm32f1xx_hal_tim.o(.ARM.exidx.text.HAL_TIM_OC_ConfigChannel) refers to stm32f1xx_hal_tim.o(.text.HAL_TIM_OC_ConfigChannel) for [Anonymous Symbol]
    stm32f1xx_hal_tim.o(.ARM.exidx.text.TIM_OC1_SetConfig) refers to stm32f1xx_hal_tim.o(.text.TIM_OC1_SetConfig) for [Anonymous Symbol]
    stm32f1xx_hal_tim.o(.ARM.exidx.text.TIM_OC2_SetConfig) refers to stm32f1xx_hal_tim.o(.text.TIM_OC2_SetConfig) for [Anonymous Symbol]
    stm32f1xx_hal_tim.o(.ARM.exidx.text.TIM_OC3_SetConfig) refers to stm32f1xx_hal_tim.o(.text.TIM_OC3_SetConfig) for [Anonymous Symbol]
    stm32f1xx_hal_tim.o(.ARM.exidx.text.TIM_OC4_SetConfig) refers to stm32f1xx_hal_tim.o(.text.TIM_OC4_SetConfig) for [Anonymous Symbol]
    stm32f1xx_hal_tim.o(.text.HAL_TIM_IC_ConfigChannel) refers to stm32f1xx_hal_tim.o(.text.TIM_TI1_SetConfig) for TIM_TI1_SetConfig
    stm32f1xx_hal_tim.o(.text.HAL_TIM_IC_ConfigChannel) refers to stm32f1xx_hal_tim.o(.text.TIM_TI2_SetConfig) for TIM_TI2_SetConfig
    stm32f1xx_hal_tim.o(.text.HAL_TIM_IC_ConfigChannel) refers to stm32f1xx_hal_tim.o(.text.TIM_TI3_SetConfig) for TIM_TI3_SetConfig
    stm32f1xx_hal_tim.o(.text.HAL_TIM_IC_ConfigChannel) refers to stm32f1xx_hal_tim.o(.text.TIM_TI4_SetConfig) for TIM_TI4_SetConfig
    stm32f1xx_hal_tim.o(.ARM.exidx.text.HAL_TIM_IC_ConfigChannel) refers to stm32f1xx_hal_tim.o(.text.HAL_TIM_IC_ConfigChannel) for [Anonymous Symbol]
    stm32f1xx_hal_tim.o(.ARM.exidx.text.TIM_TI1_SetConfig) refers to stm32f1xx_hal_tim.o(.text.TIM_TI1_SetConfig) for [Anonymous Symbol]
    stm32f1xx_hal_tim.o(.ARM.exidx.text.TIM_TI2_SetConfig) refers to stm32f1xx_hal_tim.o(.text.TIM_TI2_SetConfig) for [Anonymous Symbol]
    stm32f1xx_hal_tim.o(.ARM.exidx.text.TIM_TI3_SetConfig) refers to stm32f1xx_hal_tim.o(.text.TIM_TI3_SetConfig) for [Anonymous Symbol]
    stm32f1xx_hal_tim.o(.ARM.exidx.text.TIM_TI4_SetConfig) refers to stm32f1xx_hal_tim.o(.text.TIM_TI4_SetConfig) for [Anonymous Symbol]
    stm32f1xx_hal_tim.o(.text.HAL_TIM_PWM_ConfigChannel) refers to stm32f1xx_hal_tim.o(.text.TIM_OC1_SetConfig) for TIM_OC1_SetConfig
    stm32f1xx_hal_tim.o(.text.HAL_TIM_PWM_ConfigChannel) refers to stm32f1xx_hal_tim.o(.text.TIM_OC2_SetConfig) for TIM_OC2_SetConfig
    stm32f1xx_hal_tim.o(.text.HAL_TIM_PWM_ConfigChannel) refers to stm32f1xx_hal_tim.o(.text.TIM_OC3_SetConfig) for TIM_OC3_SetConfig
    stm32f1xx_hal_tim.o(.text.HAL_TIM_PWM_ConfigChannel) refers to stm32f1xx_hal_tim.o(.text.TIM_OC4_SetConfig) for TIM_OC4_SetConfig
    stm32f1xx_hal_tim.o(.ARM.exidx.text.HAL_TIM_PWM_ConfigChannel) refers to stm32f1xx_hal_tim.o(.text.HAL_TIM_PWM_ConfigChannel) for [Anonymous Symbol]
    stm32f1xx_hal_tim.o(.text.HAL_TIM_OnePulse_ConfigChannel) refers to stm32f1xx_hal_tim.o(.text.TIM_OC1_SetConfig) for TIM_OC1_SetConfig
    stm32f1xx_hal_tim.o(.text.HAL_TIM_OnePulse_ConfigChannel) refers to stm32f1xx_hal_tim.o(.text.TIM_OC2_SetConfig) for TIM_OC2_SetConfig
    stm32f1xx_hal_tim.o(.text.HAL_TIM_OnePulse_ConfigChannel) refers to stm32f1xx_hal_tim.o(.text.TIM_TI1_SetConfig) for TIM_TI1_SetConfig
    stm32f1xx_hal_tim.o(.text.HAL_TIM_OnePulse_ConfigChannel) refers to stm32f1xx_hal_tim.o(.text.TIM_TI2_SetConfig) for TIM_TI2_SetConfig
    stm32f1xx_hal_tim.o(.ARM.exidx.text.HAL_TIM_OnePulse_ConfigChannel) refers to stm32f1xx_hal_tim.o(.text.HAL_TIM_OnePulse_ConfigChannel) for [Anonymous Symbol]
    stm32f1xx_hal_tim.o(.text.HAL_TIM_DMABurst_WriteStart) refers to stm32f1xx_hal_tim.o(.text.HAL_TIM_DMABurst_MultiWriteStart) for HAL_TIM_DMABurst_MultiWriteStart
    stm32f1xx_hal_tim.o(.ARM.exidx.text.HAL_TIM_DMABurst_WriteStart) refers to stm32f1xx_hal_tim.o(.text.HAL_TIM_DMABurst_WriteStart) for [Anonymous Symbol]
    stm32f1xx_hal_tim.o(.text.HAL_TIM_DMABurst_MultiWriteStart) refers to stm32f1xx_hal_tim.o(.text.TIM_DMAPeriodElapsedCplt) for TIM_DMAPeriodElapsedCplt
    stm32f1xx_hal_tim.o(.text.HAL_TIM_DMABurst_MultiWriteStart) refers to stm32f1xx_hal_tim.o(.text.TIM_DMAPeriodElapsedHalfCplt) for TIM_DMAPeriodElapsedHalfCplt
    stm32f1xx_hal_tim.o(.text.HAL_TIM_DMABurst_MultiWriteStart) refers to stm32f1xx_hal_tim.o(.text.TIM_DMAError) for TIM_DMAError
    stm32f1xx_hal_tim.o(.text.HAL_TIM_DMABurst_MultiWriteStart) refers to stm32f1xx_hal_dma.o(.text.HAL_DMA_Start_IT) for HAL_DMA_Start_IT
    stm32f1xx_hal_tim.o(.text.HAL_TIM_DMABurst_MultiWriteStart) refers to stm32f1xx_hal_tim.o(.text.TIM_DMADelayPulseCplt) for TIM_DMADelayPulseCplt
    stm32f1xx_hal_tim.o(.text.HAL_TIM_DMABurst_MultiWriteStart) refers to stm32f1xx_hal_tim.o(.text.TIM_DMADelayPulseHalfCplt) for TIM_DMADelayPulseHalfCplt
    stm32f1xx_hal_tim.o(.text.HAL_TIM_DMABurst_MultiWriteStart) refers to stm32f1xx_hal_tim_ex.o(.text.TIMEx_DMACommutationCplt) for TIMEx_DMACommutationCplt
    stm32f1xx_hal_tim.o(.text.HAL_TIM_DMABurst_MultiWriteStart) refers to stm32f1xx_hal_tim_ex.o(.text.TIMEx_DMACommutationHalfCplt) for TIMEx_DMACommutationHalfCplt
    stm32f1xx_hal_tim.o(.text.HAL_TIM_DMABurst_MultiWriteStart) refers to stm32f1xx_hal_tim.o(.text.TIM_DMATriggerCplt) for TIM_DMATriggerCplt
    stm32f1xx_hal_tim.o(.text.HAL_TIM_DMABurst_MultiWriteStart) refers to stm32f1xx_hal_tim.o(.text.TIM_DMATriggerHalfCplt) for TIM_DMATriggerHalfCplt
    stm32f1xx_hal_tim.o(.ARM.exidx.text.HAL_TIM_DMABurst_MultiWriteStart) refers to stm32f1xx_hal_tim.o(.text.HAL_TIM_DMABurst_MultiWriteStart) for [Anonymous Symbol]
    stm32f1xx_hal_tim.o(.text.TIM_DMATriggerCplt) refers to stm32f1xx_hal_tim.o(.text.HAL_TIM_TriggerCallback) for HAL_TIM_TriggerCallback
    stm32f1xx_hal_tim.o(.ARM.exidx.text.TIM_DMATriggerCplt) refers to stm32f1xx_hal_tim.o(.text.TIM_DMATriggerCplt) for [Anonymous Symbol]
    stm32f1xx_hal_tim.o(.text.TIM_DMATriggerHalfCplt) refers to stm32f1xx_hal_tim.o(.text.HAL_TIM_TriggerHalfCpltCallback) for HAL_TIM_TriggerHalfCpltCallback
    stm32f1xx_hal_tim.o(.ARM.exidx.text.TIM_DMATriggerHalfCplt) refers to stm32f1xx_hal_tim.o(.text.TIM_DMATriggerHalfCplt) for [Anonymous Symbol]
    stm32f1xx_hal_tim.o(.text.HAL_TIM_DMABurst_WriteStop) refers to stm32f1xx_hal_dma.o(.text.HAL_DMA_Abort_IT) for HAL_DMA_Abort_IT
    stm32f1xx_hal_tim.o(.ARM.exidx.text.HAL_TIM_DMABurst_WriteStop) refers to stm32f1xx_hal_tim.o(.text.HAL_TIM_DMABurst_WriteStop) for [Anonymous Symbol]
    stm32f1xx_hal_tim.o(.text.HAL_TIM_DMABurst_ReadStart) refers to stm32f1xx_hal_tim.o(.text.HAL_TIM_DMABurst_MultiReadStart) for HAL_TIM_DMABurst_MultiReadStart
    stm32f1xx_hal_tim.o(.ARM.exidx.text.HAL_TIM_DMABurst_ReadStart) refers to stm32f1xx_hal_tim.o(.text.HAL_TIM_DMABurst_ReadStart) for [Anonymous Symbol]
    stm32f1xx_hal_tim.o(.text.HAL_TIM_DMABurst_MultiReadStart) refers to stm32f1xx_hal_tim.o(.text.TIM_DMAPeriodElapsedCplt) for TIM_DMAPeriodElapsedCplt
    stm32f1xx_hal_tim.o(.text.HAL_TIM_DMABurst_MultiReadStart) refers to stm32f1xx_hal_tim.o(.text.TIM_DMAPeriodElapsedHalfCplt) for TIM_DMAPeriodElapsedHalfCplt
    stm32f1xx_hal_tim.o(.text.HAL_TIM_DMABurst_MultiReadStart) refers to stm32f1xx_hal_tim.o(.text.TIM_DMAError) for TIM_DMAError
    stm32f1xx_hal_tim.o(.text.HAL_TIM_DMABurst_MultiReadStart) refers to stm32f1xx_hal_dma.o(.text.HAL_DMA_Start_IT) for HAL_DMA_Start_IT
    stm32f1xx_hal_tim.o(.text.HAL_TIM_DMABurst_MultiReadStart) refers to stm32f1xx_hal_tim.o(.text.TIM_DMACaptureCplt) for TIM_DMACaptureCplt
    stm32f1xx_hal_tim.o(.text.HAL_TIM_DMABurst_MultiReadStart) refers to stm32f1xx_hal_tim.o(.text.TIM_DMACaptureHalfCplt) for TIM_DMACaptureHalfCplt
    stm32f1xx_hal_tim.o(.text.HAL_TIM_DMABurst_MultiReadStart) refers to stm32f1xx_hal_tim_ex.o(.text.TIMEx_DMACommutationCplt) for TIMEx_DMACommutationCplt
    stm32f1xx_hal_tim.o(.text.HAL_TIM_DMABurst_MultiReadStart) refers to stm32f1xx_hal_tim_ex.o(.text.TIMEx_DMACommutationHalfCplt) for TIMEx_DMACommutationHalfCplt
    stm32f1xx_hal_tim.o(.text.HAL_TIM_DMABurst_MultiReadStart) refers to stm32f1xx_hal_tim.o(.text.TIM_DMATriggerCplt) for TIM_DMATriggerCplt
    stm32f1xx_hal_tim.o(.text.HAL_TIM_DMABurst_MultiReadStart) refers to stm32f1xx_hal_tim.o(.text.TIM_DMATriggerHalfCplt) for TIM_DMATriggerHalfCplt
    stm32f1xx_hal_tim.o(.ARM.exidx.text.HAL_TIM_DMABurst_MultiReadStart) refers to stm32f1xx_hal_tim.o(.text.HAL_TIM_DMABurst_MultiReadStart) for [Anonymous Symbol]
    stm32f1xx_hal_tim.o(.text.HAL_TIM_DMABurst_ReadStop) refers to stm32f1xx_hal_dma.o(.text.HAL_DMA_Abort_IT) for HAL_DMA_Abort_IT
    stm32f1xx_hal_tim.o(.ARM.exidx.text.HAL_TIM_DMABurst_ReadStop) refers to stm32f1xx_hal_tim.o(.text.HAL_TIM_DMABurst_ReadStop) for [Anonymous Symbol]
    stm32f1xx_hal_tim.o(.ARM.exidx.text.HAL_TIM_GenerateEvent) refers to stm32f1xx_hal_tim.o(.text.HAL_TIM_GenerateEvent) for [Anonymous Symbol]
    stm32f1xx_hal_tim.o(.text.HAL_TIM_ConfigOCrefClear) refers to stm32f1xx_hal_tim.o(.text.TIM_ETR_SetConfig) for TIM_ETR_SetConfig
    stm32f1xx_hal_tim.o(.ARM.exidx.text.HAL_TIM_ConfigOCrefClear) refers to stm32f1xx_hal_tim.o(.text.HAL_TIM_ConfigOCrefClear) for [Anonymous Symbol]
    stm32f1xx_hal_tim.o(.ARM.exidx.text.TIM_ETR_SetConfig) refers to stm32f1xx_hal_tim.o(.text.TIM_ETR_SetConfig) for [Anonymous Symbol]
    stm32f1xx_hal_tim.o(.text.HAL_TIM_ConfigClockSource) refers to stm32f1xx_hal_tim.o(.text.TIM_ETR_SetConfig) for TIM_ETR_SetConfig
    stm32f1xx_hal_tim.o(.text.HAL_TIM_ConfigClockSource) refers to stm32f1xx_hal_tim.o(.text.TIM_TI1_ConfigInputStage) for TIM_TI1_ConfigInputStage
    stm32f1xx_hal_tim.o(.text.HAL_TIM_ConfigClockSource) refers to stm32f1xx_hal_tim.o(.text.TIM_ITRx_SetConfig) for TIM_ITRx_SetConfig
    stm32f1xx_hal_tim.o(.text.HAL_TIM_ConfigClockSource) refers to stm32f1xx_hal_tim.o(.text.TIM_TI2_ConfigInputStage) for TIM_TI2_ConfigInputStage
    stm32f1xx_hal_tim.o(.ARM.exidx.text.HAL_TIM_ConfigClockSource) refers to stm32f1xx_hal_tim.o(.text.HAL_TIM_ConfigClockSource) for [Anonymous Symbol]
    stm32f1xx_hal_tim.o(.ARM.exidx.text.TIM_TI1_ConfigInputStage) refers to stm32f1xx_hal_tim.o(.text.TIM_TI1_ConfigInputStage) for [Anonymous Symbol]
    stm32f1xx_hal_tim.o(.ARM.exidx.text.TIM_ITRx_SetConfig) refers to stm32f1xx_hal_tim.o(.text.TIM_ITRx_SetConfig) for [Anonymous Symbol]
    stm32f1xx_hal_tim.o(.ARM.exidx.text.TIM_TI2_ConfigInputStage) refers to stm32f1xx_hal_tim.o(.text.TIM_TI2_ConfigInputStage) for [Anonymous Symbol]
    stm32f1xx_hal_tim.o(.ARM.exidx.text.HAL_TIM_ConfigTI1Input) refers to stm32f1xx_hal_tim.o(.text.HAL_TIM_ConfigTI1Input) for [Anonymous Symbol]
    stm32f1xx_hal_tim.o(.text.HAL_TIM_SlaveConfigSynchro) refers to stm32f1xx_hal_tim.o(.text.TIM_SlaveTimer_SetConfig) for TIM_SlaveTimer_SetConfig
    stm32f1xx_hal_tim.o(.ARM.exidx.text.HAL_TIM_SlaveConfigSynchro) refers to stm32f1xx_hal_tim.o(.text.HAL_TIM_SlaveConfigSynchro) for [Anonymous Symbol]
    stm32f1xx_hal_tim.o(.text.TIM_SlaveTimer_SetConfig) refers to stm32f1xx_hal_tim.o(.text.TIM_ETR_SetConfig) for TIM_ETR_SetConfig
    stm32f1xx_hal_tim.o(.text.TIM_SlaveTimer_SetConfig) refers to stm32f1xx_hal_tim.o(.text.TIM_TI1_ConfigInputStage) for TIM_TI1_ConfigInputStage
    stm32f1xx_hal_tim.o(.text.TIM_SlaveTimer_SetConfig) refers to stm32f1xx_hal_tim.o(.text.TIM_TI2_ConfigInputStage) for TIM_TI2_ConfigInputStage
    stm32f1xx_hal_tim.o(.ARM.exidx.text.TIM_SlaveTimer_SetConfig) refers to stm32f1xx_hal_tim.o(.text.TIM_SlaveTimer_SetConfig) for [Anonymous Symbol]
    stm32f1xx_hal_tim.o(.text.HAL_TIM_SlaveConfigSynchro_IT) refers to stm32f1xx_hal_tim.o(.text.TIM_SlaveTimer_SetConfig) for TIM_SlaveTimer_SetConfig
    stm32f1xx_hal_tim.o(.ARM.exidx.text.HAL_TIM_SlaveConfigSynchro_IT) refers to stm32f1xx_hal_tim.o(.text.HAL_TIM_SlaveConfigSynchro_IT) for [Anonymous Symbol]
    stm32f1xx_hal_tim.o(.ARM.exidx.text.HAL_TIM_ReadCapturedValue) refers to stm32f1xx_hal_tim.o(.text.HAL_TIM_ReadCapturedValue) for [Anonymous Symbol]
    stm32f1xx_hal_tim.o(.ARM.exidx.text.HAL_TIM_PeriodElapsedHalfCpltCallback) refers to stm32f1xx_hal_tim.o(.text.HAL_TIM_PeriodElapsedHalfCpltCallback) for [Anonymous Symbol]
    stm32f1xx_hal_tim.o(.ARM.exidx.text.HAL_TIM_IC_CaptureHalfCpltCallback) refers to stm32f1xx_hal_tim.o(.text.HAL_TIM_IC_CaptureHalfCpltCallback) for [Anonymous Symbol]
    stm32f1xx_hal_tim.o(.ARM.exidx.text.HAL_TIM_PWM_PulseFinishedHalfCpltCallback) refers to stm32f1xx_hal_tim.o(.text.HAL_TIM_PWM_PulseFinishedHalfCpltCallback) for [Anonymous Symbol]
    stm32f1xx_hal_tim.o(.ARM.exidx.text.HAL_TIM_TriggerHalfCpltCallback) refers to stm32f1xx_hal_tim.o(.text.HAL_TIM_TriggerHalfCpltCallback) for [Anonymous Symbol]
    stm32f1xx_hal_tim.o(.ARM.exidx.text.HAL_TIM_ErrorCallback) refers to stm32f1xx_hal_tim.o(.text.HAL_TIM_ErrorCallback) for [Anonymous Symbol]
    stm32f1xx_hal_tim.o(.ARM.exidx.text.HAL_TIM_Base_GetState) refers to stm32f1xx_hal_tim.o(.text.HAL_TIM_Base_GetState) for [Anonymous Symbol]
    stm32f1xx_hal_tim.o(.ARM.exidx.text.HAL_TIM_OC_GetState) refers to stm32f1xx_hal_tim.o(.text.HAL_TIM_OC_GetState) for [Anonymous Symbol]
    stm32f1xx_hal_tim.o(.ARM.exidx.text.HAL_TIM_PWM_GetState) refers to stm32f1xx_hal_tim.o(.text.HAL_TIM_PWM_GetState) for [Anonymous Symbol]
    stm32f1xx_hal_tim.o(.ARM.exidx.text.HAL_TIM_IC_GetState) refers to stm32f1xx_hal_tim.o(.text.HAL_TIM_IC_GetState) for [Anonymous Symbol]
    stm32f1xx_hal_tim.o(.ARM.exidx.text.HAL_TIM_OnePulse_GetState) refers to stm32f1xx_hal_tim.o(.text.HAL_TIM_OnePulse_GetState) for [Anonymous Symbol]
    stm32f1xx_hal_tim.o(.ARM.exidx.text.HAL_TIM_Encoder_GetState) refers to stm32f1xx_hal_tim.o(.text.HAL_TIM_Encoder_GetState) for [Anonymous Symbol]
    stm32f1xx_hal_tim.o(.ARM.exidx.text.HAL_TIM_GetActiveChannel) refers to stm32f1xx_hal_tim.o(.text.HAL_TIM_GetActiveChannel) for [Anonymous Symbol]
    stm32f1xx_hal_tim.o(.ARM.exidx.text.HAL_TIM_GetChannelState) refers to stm32f1xx_hal_tim.o(.text.HAL_TIM_GetChannelState) for [Anonymous Symbol]
    stm32f1xx_hal_tim.o(.ARM.exidx.text.HAL_TIM_DMABurstState) refers to stm32f1xx_hal_tim.o(.text.HAL_TIM_DMABurstState) for [Anonymous Symbol]
    stm32f1xx_hal_tim_ex.o(.text.HAL_TIMEx_HallSensor_Init) refers to stm32f1xx_hal_tim_ex.o(.text.HAL_TIMEx_HallSensor_MspInit) for HAL_TIMEx_HallSensor_MspInit
    stm32f1xx_hal_tim_ex.o(.text.HAL_TIMEx_HallSensor_Init) refers to stm32f1xx_hal_tim.o(.text.TIM_Base_SetConfig) for TIM_Base_SetConfig
    stm32f1xx_hal_tim_ex.o(.text.HAL_TIMEx_HallSensor_Init) refers to stm32f1xx_hal_tim.o(.text.TIM_TI1_SetConfig) for TIM_TI1_SetConfig
    stm32f1xx_hal_tim_ex.o(.text.HAL_TIMEx_HallSensor_Init) refers to stm32f1xx_hal_tim.o(.text.TIM_OC2_SetConfig) for TIM_OC2_SetConfig
    stm32f1xx_hal_tim_ex.o(.ARM.exidx.text.HAL_TIMEx_HallSensor_Init) refers to stm32f1xx_hal_tim_ex.o(.text.HAL_TIMEx_HallSensor_Init) for [Anonymous Symbol]
    stm32f1xx_hal_tim_ex.o(.ARM.exidx.text.HAL_TIMEx_HallSensor_MspInit) refers to stm32f1xx_hal_tim_ex.o(.text.HAL_TIMEx_HallSensor_MspInit) for [Anonymous Symbol]
    stm32f1xx_hal_tim_ex.o(.text.HAL_TIMEx_HallSensor_DeInit) refers to stm32f1xx_hal_tim_ex.o(.text.HAL_TIMEx_HallSensor_MspDeInit) for HAL_TIMEx_HallSensor_MspDeInit
    stm32f1xx_hal_tim_ex.o(.ARM.exidx.text.HAL_TIMEx_HallSensor_DeInit) refers to stm32f1xx_hal_tim_ex.o(.text.HAL_TIMEx_HallSensor_DeInit) for [Anonymous Symbol]
    stm32f1xx_hal_tim_ex.o(.ARM.exidx.text.HAL_TIMEx_HallSensor_MspDeInit) refers to stm32f1xx_hal_tim_ex.o(.text.HAL_TIMEx_HallSensor_MspDeInit) for [Anonymous Symbol]
    stm32f1xx_hal_tim_ex.o(.text.HAL_TIMEx_HallSensor_Start) refers to stm32f1xx_hal_tim.o(.text.TIM_CCxChannelCmd) for TIM_CCxChannelCmd
    stm32f1xx_hal_tim_ex.o(.ARM.exidx.text.HAL_TIMEx_HallSensor_Start) refers to stm32f1xx_hal_tim_ex.o(.text.HAL_TIMEx_HallSensor_Start) for [Anonymous Symbol]
    stm32f1xx_hal_tim_ex.o(.text.HAL_TIMEx_HallSensor_Stop) refers to stm32f1xx_hal_tim.o(.text.TIM_CCxChannelCmd) for TIM_CCxChannelCmd
    stm32f1xx_hal_tim_ex.o(.ARM.exidx.text.HAL_TIMEx_HallSensor_Stop) refers to stm32f1xx_hal_tim_ex.o(.text.HAL_TIMEx_HallSensor_Stop) for [Anonymous Symbol]
    stm32f1xx_hal_tim_ex.o(.text.HAL_TIMEx_HallSensor_Start_IT) refers to stm32f1xx_hal_tim.o(.text.TIM_CCxChannelCmd) for TIM_CCxChannelCmd
    stm32f1xx_hal_tim_ex.o(.ARM.exidx.text.HAL_TIMEx_HallSensor_Start_IT) refers to stm32f1xx_hal_tim_ex.o(.text.HAL_TIMEx_HallSensor_Start_IT) for [Anonymous Symbol]
    stm32f1xx_hal_tim_ex.o(.text.HAL_TIMEx_HallSensor_Stop_IT) refers to stm32f1xx_hal_tim.o(.text.TIM_CCxChannelCmd) for TIM_CCxChannelCmd
    stm32f1xx_hal_tim_ex.o(.ARM.exidx.text.HAL_TIMEx_HallSensor_Stop_IT) refers to stm32f1xx_hal_tim_ex.o(.text.HAL_TIMEx_HallSensor_Stop_IT) for [Anonymous Symbol]
    stm32f1xx_hal_tim_ex.o(.text.HAL_TIMEx_HallSensor_Start_DMA) refers to stm32f1xx_hal_tim.o(.text.TIM_CCxChannelCmd) for TIM_CCxChannelCmd
    stm32f1xx_hal_tim_ex.o(.text.HAL_TIMEx_HallSensor_Start_DMA) refers to stm32f1xx_hal_tim.o(.text.TIM_DMACaptureCplt) for TIM_DMACaptureCplt
    stm32f1xx_hal_tim_ex.o(.text.HAL_TIMEx_HallSensor_Start_DMA) refers to stm32f1xx_hal_tim.o(.text.TIM_DMACaptureHalfCplt) for TIM_DMACaptureHalfCplt
    stm32f1xx_hal_tim_ex.o(.text.HAL_TIMEx_HallSensor_Start_DMA) refers to stm32f1xx_hal_tim.o(.text.TIM_DMAError) for TIM_DMAError
    stm32f1xx_hal_tim_ex.o(.text.HAL_TIMEx_HallSensor_Start_DMA) refers to stm32f1xx_hal_dma.o(.text.HAL_DMA_Start_IT) for HAL_DMA_Start_IT
    stm32f1xx_hal_tim_ex.o(.ARM.exidx.text.HAL_TIMEx_HallSensor_Start_DMA) refers to stm32f1xx_hal_tim_ex.o(.text.HAL_TIMEx_HallSensor_Start_DMA) for [Anonymous Symbol]
    stm32f1xx_hal_tim_ex.o(.text.HAL_TIMEx_HallSensor_Stop_DMA) refers to stm32f1xx_hal_tim.o(.text.TIM_CCxChannelCmd) for TIM_CCxChannelCmd
    stm32f1xx_hal_tim_ex.o(.text.HAL_TIMEx_HallSensor_Stop_DMA) refers to stm32f1xx_hal_dma.o(.text.HAL_DMA_Abort_IT) for HAL_DMA_Abort_IT
    stm32f1xx_hal_tim_ex.o(.ARM.exidx.text.HAL_TIMEx_HallSensor_Stop_DMA) refers to stm32f1xx_hal_tim_ex.o(.text.HAL_TIMEx_HallSensor_Stop_DMA) for [Anonymous Symbol]
    stm32f1xx_hal_tim_ex.o(.text.HAL_TIMEx_OCN_Start) refers to stm32f1xx_hal_tim_ex.o(.text.TIM_CCxNChannelCmd) for TIM_CCxNChannelCmd
    stm32f1xx_hal_tim_ex.o(.ARM.exidx.text.HAL_TIMEx_OCN_Start) refers to stm32f1xx_hal_tim_ex.o(.text.HAL_TIMEx_OCN_Start) for [Anonymous Symbol]
    stm32f1xx_hal_tim_ex.o(.ARM.exidx.text.TIM_CCxNChannelCmd) refers to stm32f1xx_hal_tim_ex.o(.text.TIM_CCxNChannelCmd) for [Anonymous Symbol]
    stm32f1xx_hal_tim_ex.o(.text.HAL_TIMEx_OCN_Stop) refers to stm32f1xx_hal_tim_ex.o(.text.TIM_CCxNChannelCmd) for TIM_CCxNChannelCmd
    stm32f1xx_hal_tim_ex.o(.ARM.exidx.text.HAL_TIMEx_OCN_Stop) refers to stm32f1xx_hal_tim_ex.o(.text.HAL_TIMEx_OCN_Stop) for [Anonymous Symbol]
    stm32f1xx_hal_tim_ex.o(.text.HAL_TIMEx_OCN_Start_IT) refers to stm32f1xx_hal_tim_ex.o(.text.TIM_CCxNChannelCmd) for TIM_CCxNChannelCmd
    stm32f1xx_hal_tim_ex.o(.ARM.exidx.text.HAL_TIMEx_OCN_Start_IT) refers to stm32f1xx_hal_tim_ex.o(.text.HAL_TIMEx_OCN_Start_IT) for [Anonymous Symbol]
    stm32f1xx_hal_tim_ex.o(.text.HAL_TIMEx_OCN_Stop_IT) refers to stm32f1xx_hal_tim_ex.o(.text.TIM_CCxNChannelCmd) for TIM_CCxNChannelCmd
    stm32f1xx_hal_tim_ex.o(.ARM.exidx.text.HAL_TIMEx_OCN_Stop_IT) refers to stm32f1xx_hal_tim_ex.o(.text.HAL_TIMEx_OCN_Stop_IT) for [Anonymous Symbol]
    stm32f1xx_hal_tim_ex.o(.text.HAL_TIMEx_OCN_Start_DMA) refers to stm32f1xx_hal_tim_ex.o(.text.TIM_DMADelayPulseNCplt) for TIM_DMADelayPulseNCplt
    stm32f1xx_hal_tim_ex.o(.text.HAL_TIMEx_OCN_Start_DMA) refers to stm32f1xx_hal_tim.o(.text.TIM_DMADelayPulseHalfCplt) for TIM_DMADelayPulseHalfCplt
    stm32f1xx_hal_tim_ex.o(.text.HAL_TIMEx_OCN_Start_DMA) refers to stm32f1xx_hal_tim_ex.o(.text.TIM_DMAErrorCCxN) for TIM_DMAErrorCCxN
    stm32f1xx_hal_tim_ex.o(.text.HAL_TIMEx_OCN_Start_DMA) refers to stm32f1xx_hal_dma.o(.text.HAL_DMA_Start_IT) for HAL_DMA_Start_IT
    stm32f1xx_hal_tim_ex.o(.text.HAL_TIMEx_OCN_Start_DMA) refers to stm32f1xx_hal_tim_ex.o(.text.TIM_CCxNChannelCmd) for TIM_CCxNChannelCmd
    stm32f1xx_hal_tim_ex.o(.ARM.exidx.text.HAL_TIMEx_OCN_Start_DMA) refers to stm32f1xx_hal_tim_ex.o(.text.HAL_TIMEx_OCN_Start_DMA) for [Anonymous Symbol]
    stm32f1xx_hal_tim_ex.o(.text.TIM_DMADelayPulseNCplt) refers to stm32f1xx_hal_tim.o(.text.HAL_TIM_PWM_PulseFinishedCallback) for HAL_TIM_PWM_PulseFinishedCallback
    stm32f1xx_hal_tim_ex.o(.ARM.exidx.text.TIM_DMADelayPulseNCplt) refers to stm32f1xx_hal_tim_ex.o(.text.TIM_DMADelayPulseNCplt) for [Anonymous Symbol]
    stm32f1xx_hal_tim_ex.o(.text.TIM_DMAErrorCCxN) refers to stm32f1xx_hal_tim.o(.text.HAL_TIM_ErrorCallback) for HAL_TIM_ErrorCallback
    stm32f1xx_hal_tim_ex.o(.ARM.exidx.text.TIM_DMAErrorCCxN) refers to stm32f1xx_hal_tim_ex.o(.text.TIM_DMAErrorCCxN) for [Anonymous Symbol]
    stm32f1xx_hal_tim_ex.o(.text.HAL_TIMEx_OCN_Stop_DMA) refers to stm32f1xx_hal_dma.o(.text.HAL_DMA_Abort_IT) for HAL_DMA_Abort_IT
    stm32f1xx_hal_tim_ex.o(.text.HAL_TIMEx_OCN_Stop_DMA) refers to stm32f1xx_hal_tim_ex.o(.text.TIM_CCxNChannelCmd) for TIM_CCxNChannelCmd
    stm32f1xx_hal_tim_ex.o(.ARM.exidx.text.HAL_TIMEx_OCN_Stop_DMA) refers to stm32f1xx_hal_tim_ex.o(.text.HAL_TIMEx_OCN_Stop_DMA) for [Anonymous Symbol]
    stm32f1xx_hal_tim_ex.o(.text.HAL_TIMEx_PWMN_Start) refers to stm32f1xx_hal_tim_ex.o(.text.TIM_CCxNChannelCmd) for TIM_CCxNChannelCmd
    stm32f1xx_hal_tim_ex.o(.ARM.exidx.text.HAL_TIMEx_PWMN_Start) refers to stm32f1xx_hal_tim_ex.o(.text.HAL_TIMEx_PWMN_Start) for [Anonymous Symbol]
    stm32f1xx_hal_tim_ex.o(.text.HAL_TIMEx_PWMN_Stop) refers to stm32f1xx_hal_tim_ex.o(.text.TIM_CCxNChannelCmd) for TIM_CCxNChannelCmd
    stm32f1xx_hal_tim_ex.o(.ARM.exidx.text.HAL_TIMEx_PWMN_Stop) refers to stm32f1xx_hal_tim_ex.o(.text.HAL_TIMEx_PWMN_Stop) for [Anonymous Symbol]
    stm32f1xx_hal_tim_ex.o(.text.HAL_TIMEx_PWMN_Start_IT) refers to stm32f1xx_hal_tim_ex.o(.text.TIM_CCxNChannelCmd) for TIM_CCxNChannelCmd
    stm32f1xx_hal_tim_ex.o(.ARM.exidx.text.HAL_TIMEx_PWMN_Start_IT) refers to stm32f1xx_hal_tim_ex.o(.text.HAL_TIMEx_PWMN_Start_IT) for [Anonymous Symbol]
    stm32f1xx_hal_tim_ex.o(.text.HAL_TIMEx_PWMN_Stop_IT) refers to stm32f1xx_hal_tim_ex.o(.text.TIM_CCxNChannelCmd) for TIM_CCxNChannelCmd
    stm32f1xx_hal_tim_ex.o(.ARM.exidx.text.HAL_TIMEx_PWMN_Stop_IT) refers to stm32f1xx_hal_tim_ex.o(.text.HAL_TIMEx_PWMN_Stop_IT) for [Anonymous Symbol]
    stm32f1xx_hal_tim_ex.o(.text.HAL_TIMEx_PWMN_Start_DMA) refers to stm32f1xx_hal_tim_ex.o(.text.TIM_DMADelayPulseNCplt) for TIM_DMADelayPulseNCplt
    stm32f1xx_hal_tim_ex.o(.text.HAL_TIMEx_PWMN_Start_DMA) refers to stm32f1xx_hal_tim.o(.text.TIM_DMADelayPulseHalfCplt) for TIM_DMADelayPulseHalfCplt
    stm32f1xx_hal_tim_ex.o(.text.HAL_TIMEx_PWMN_Start_DMA) refers to stm32f1xx_hal_tim_ex.o(.text.TIM_DMAErrorCCxN) for TIM_DMAErrorCCxN
    stm32f1xx_hal_tim_ex.o(.text.HAL_TIMEx_PWMN_Start_DMA) refers to stm32f1xx_hal_dma.o(.text.HAL_DMA_Start_IT) for HAL_DMA_Start_IT
    stm32f1xx_hal_tim_ex.o(.text.HAL_TIMEx_PWMN_Start_DMA) refers to stm32f1xx_hal_tim_ex.o(.text.TIM_CCxNChannelCmd) for TIM_CCxNChannelCmd
    stm32f1xx_hal_tim_ex.o(.ARM.exidx.text.HAL_TIMEx_PWMN_Start_DMA) refers to stm32f1xx_hal_tim_ex.o(.text.HAL_TIMEx_PWMN_Start_DMA) for [Anonymous Symbol]
    stm32f1xx_hal_tim_ex.o(.text.HAL_TIMEx_PWMN_Stop_DMA) refers to stm32f1xx_hal_dma.o(.text.HAL_DMA_Abort_IT) for HAL_DMA_Abort_IT
    stm32f1xx_hal_tim_ex.o(.text.HAL_TIMEx_PWMN_Stop_DMA) refers to stm32f1xx_hal_tim_ex.o(.text.TIM_CCxNChannelCmd) for TIM_CCxNChannelCmd
    stm32f1xx_hal_tim_ex.o(.ARM.exidx.text.HAL_TIMEx_PWMN_Stop_DMA) refers to stm32f1xx_hal_tim_ex.o(.text.HAL_TIMEx_PWMN_Stop_DMA) for [Anonymous Symbol]
    stm32f1xx_hal_tim_ex.o(.text.HAL_TIMEx_OnePulseN_Start) refers to stm32f1xx_hal_tim_ex.o(.text.TIM_CCxNChannelCmd) for TIM_CCxNChannelCmd
    stm32f1xx_hal_tim_ex.o(.text.HAL_TIMEx_OnePulseN_Start) refers to stm32f1xx_hal_tim.o(.text.TIM_CCxChannelCmd) for TIM_CCxChannelCmd
    stm32f1xx_hal_tim_ex.o(.ARM.exidx.text.HAL_TIMEx_OnePulseN_Start) refers to stm32f1xx_hal_tim_ex.o(.text.HAL_TIMEx_OnePulseN_Start) for [Anonymous Symbol]
    stm32f1xx_hal_tim_ex.o(.text.HAL_TIMEx_OnePulseN_Stop) refers to stm32f1xx_hal_tim_ex.o(.text.TIM_CCxNChannelCmd) for TIM_CCxNChannelCmd
    stm32f1xx_hal_tim_ex.o(.text.HAL_TIMEx_OnePulseN_Stop) refers to stm32f1xx_hal_tim.o(.text.TIM_CCxChannelCmd) for TIM_CCxChannelCmd
    stm32f1xx_hal_tim_ex.o(.ARM.exidx.text.HAL_TIMEx_OnePulseN_Stop) refers to stm32f1xx_hal_tim_ex.o(.text.HAL_TIMEx_OnePulseN_Stop) for [Anonymous Symbol]
    stm32f1xx_hal_tim_ex.o(.text.HAL_TIMEx_OnePulseN_Start_IT) refers to stm32f1xx_hal_tim_ex.o(.text.TIM_CCxNChannelCmd) for TIM_CCxNChannelCmd
    stm32f1xx_hal_tim_ex.o(.text.HAL_TIMEx_OnePulseN_Start_IT) refers to stm32f1xx_hal_tim.o(.text.TIM_CCxChannelCmd) for TIM_CCxChannelCmd
    stm32f1xx_hal_tim_ex.o(.ARM.exidx.text.HAL_TIMEx_OnePulseN_Start_IT) refers to stm32f1xx_hal_tim_ex.o(.text.HAL_TIMEx_OnePulseN_Start_IT) for [Anonymous Symbol]
    stm32f1xx_hal_tim_ex.o(.text.HAL_TIMEx_OnePulseN_Stop_IT) refers to stm32f1xx_hal_tim_ex.o(.text.TIM_CCxNChannelCmd) for TIM_CCxNChannelCmd
    stm32f1xx_hal_tim_ex.o(.text.HAL_TIMEx_OnePulseN_Stop_IT) refers to stm32f1xx_hal_tim.o(.text.TIM_CCxChannelCmd) for TIM_CCxChannelCmd
    stm32f1xx_hal_tim_ex.o(.ARM.exidx.text.HAL_TIMEx_OnePulseN_Stop_IT) refers to stm32f1xx_hal_tim_ex.o(.text.HAL_TIMEx_OnePulseN_Stop_IT) for [Anonymous Symbol]
    stm32f1xx_hal_tim_ex.o(.ARM.exidx.text.HAL_TIMEx_ConfigCommutEvent) refers to stm32f1xx_hal_tim_ex.o(.text.HAL_TIMEx_ConfigCommutEvent) for [Anonymous Symbol]
    stm32f1xx_hal_tim_ex.o(.ARM.exidx.text.HAL_TIMEx_ConfigCommutEvent_IT) refers to stm32f1xx_hal_tim_ex.o(.text.HAL_TIMEx_ConfigCommutEvent_IT) for [Anonymous Symbol]
    stm32f1xx_hal_tim_ex.o(.text.HAL_TIMEx_ConfigCommutEvent_DMA) refers to stm32f1xx_hal_tim_ex.o(.text.TIMEx_DMACommutationCplt) for TIMEx_DMACommutationCplt
    stm32f1xx_hal_tim_ex.o(.text.HAL_TIMEx_ConfigCommutEvent_DMA) refers to stm32f1xx_hal_tim_ex.o(.text.TIMEx_DMACommutationHalfCplt) for TIMEx_DMACommutationHalfCplt
    stm32f1xx_hal_tim_ex.o(.text.HAL_TIMEx_ConfigCommutEvent_DMA) refers to stm32f1xx_hal_tim.o(.text.TIM_DMAError) for TIM_DMAError
    stm32f1xx_hal_tim_ex.o(.ARM.exidx.text.HAL_TIMEx_ConfigCommutEvent_DMA) refers to stm32f1xx_hal_tim_ex.o(.text.HAL_TIMEx_ConfigCommutEvent_DMA) for [Anonymous Symbol]
    stm32f1xx_hal_tim_ex.o(.text.TIMEx_DMACommutationCplt) refers to stm32f1xx_hal_tim_ex.o(.text.HAL_TIMEx_CommutCallback) for HAL_TIMEx_CommutCallback
    stm32f1xx_hal_tim_ex.o(.ARM.exidx.text.TIMEx_DMACommutationCplt) refers to stm32f1xx_hal_tim_ex.o(.text.TIMEx_DMACommutationCplt) for [Anonymous Symbol]
    stm32f1xx_hal_tim_ex.o(.text.TIMEx_DMACommutationHalfCplt) refers to stm32f1xx_hal_tim_ex.o(.text.HAL_TIMEx_CommutHalfCpltCallback) for HAL_TIMEx_CommutHalfCpltCallback
    stm32f1xx_hal_tim_ex.o(.ARM.exidx.text.TIMEx_DMACommutationHalfCplt) refers to stm32f1xx_hal_tim_ex.o(.text.TIMEx_DMACommutationHalfCplt) for [Anonymous Symbol]
    stm32f1xx_hal_tim_ex.o(.ARM.exidx.text.HAL_TIMEx_MasterConfigSynchronization) refers to stm32f1xx_hal_tim_ex.o(.text.HAL_TIMEx_MasterConfigSynchronization) for [Anonymous Symbol]
    stm32f1xx_hal_tim_ex.o(.ARM.exidx.text.HAL_TIMEx_ConfigBreakDeadTime) refers to stm32f1xx_hal_tim_ex.o(.text.HAL_TIMEx_ConfigBreakDeadTime) for [Anonymous Symbol]
    stm32f1xx_hal_tim_ex.o(.ARM.exidx.text.HAL_TIMEx_RemapConfig) refers to stm32f1xx_hal_tim_ex.o(.text.HAL_TIMEx_RemapConfig) for [Anonymous Symbol]
    stm32f1xx_hal_tim_ex.o(.ARM.exidx.text.HAL_TIMEx_CommutCallback) refers to stm32f1xx_hal_tim_ex.o(.text.HAL_TIMEx_CommutCallback) for [Anonymous Symbol]
    stm32f1xx_hal_tim_ex.o(.ARM.exidx.text.HAL_TIMEx_CommutHalfCpltCallback) refers to stm32f1xx_hal_tim_ex.o(.text.HAL_TIMEx_CommutHalfCpltCallback) for [Anonymous Symbol]
    stm32f1xx_hal_tim_ex.o(.ARM.exidx.text.HAL_TIMEx_BreakCallback) refers to stm32f1xx_hal_tim_ex.o(.text.HAL_TIMEx_BreakCallback) for [Anonymous Symbol]
    stm32f1xx_hal_tim_ex.o(.ARM.exidx.text.HAL_TIMEx_HallSensor_GetState) refers to stm32f1xx_hal_tim_ex.o(.text.HAL_TIMEx_HallSensor_GetState) for [Anonymous Symbol]
    stm32f1xx_hal_tim_ex.o(.ARM.exidx.text.HAL_TIMEx_GetChannelNState) refers to stm32f1xx_hal_tim_ex.o(.text.HAL_TIMEx_GetChannelNState) for [Anonymous Symbol]
    stm32f1xx_hal_uart.o(.text.HAL_UART_Init) refers to stm32f1xx_hal_msp.o(.text.HAL_UART_MspInit) for HAL_UART_MspInit
    stm32f1xx_hal_uart.o(.text.HAL_UART_Init) refers to stm32f1xx_hal_uart.o(.text.UART_SetConfig) for UART_SetConfig
    stm32f1xx_hal_uart.o(.ARM.exidx.text.HAL_UART_Init) refers to stm32f1xx_hal_uart.o(.text.HAL_UART_Init) for [Anonymous Symbol]
    stm32f1xx_hal_uart.o(.ARM.exidx.text.HAL_UART_MspInit) refers to stm32f1xx_hal_uart.o(.text.HAL_UART_MspInit) for [Anonymous Symbol]
    stm32f1xx_hal_uart.o(.text.UART_SetConfig) refers to stm32f1xx_hal_rcc.o(.text.HAL_RCC_GetPCLK2Freq) for HAL_RCC_GetPCLK2Freq
    stm32f1xx_hal_uart.o(.text.UART_SetConfig) refers to stm32f1xx_hal_rcc.o(.text.HAL_RCC_GetPCLK1Freq) for HAL_RCC_GetPCLK1Freq
    stm32f1xx_hal_uart.o(.ARM.exidx.text.UART_SetConfig) refers to stm32f1xx_hal_uart.o(.text.UART_SetConfig) for [Anonymous Symbol]
    stm32f1xx_hal_uart.o(.text.HAL_HalfDuplex_Init) refers to stm32f1xx_hal_msp.o(.text.HAL_UART_MspInit) for HAL_UART_MspInit
    stm32f1xx_hal_uart.o(.text.HAL_HalfDuplex_Init) refers to stm32f1xx_hal_uart.o(.text.UART_SetConfig) for UART_SetConfig
    stm32f1xx_hal_uart.o(.ARM.exidx.text.HAL_HalfDuplex_Init) refers to stm32f1xx_hal_uart.o(.text.HAL_HalfDuplex_Init) for [Anonymous Symbol]
    stm32f1xx_hal_uart.o(.text.HAL_LIN_Init) refers to stm32f1xx_hal_msp.o(.text.HAL_UART_MspInit) for HAL_UART_MspInit
    stm32f1xx_hal_uart.o(.text.HAL_LIN_Init) refers to stm32f1xx_hal_uart.o(.text.UART_SetConfig) for UART_SetConfig
    stm32f1xx_hal_uart.o(.ARM.exidx.text.HAL_LIN_Init) refers to stm32f1xx_hal_uart.o(.text.HAL_LIN_Init) for [Anonymous Symbol]
    stm32f1xx_hal_uart.o(.text.HAL_MultiProcessor_Init) refers to stm32f1xx_hal_msp.o(.text.HAL_UART_MspInit) for HAL_UART_MspInit
    stm32f1xx_hal_uart.o(.text.HAL_MultiProcessor_Init) refers to stm32f1xx_hal_uart.o(.text.UART_SetConfig) for UART_SetConfig
    stm32f1xx_hal_uart.o(.ARM.exidx.text.HAL_MultiProcessor_Init) refers to stm32f1xx_hal_uart.o(.text.HAL_MultiProcessor_Init) for [Anonymous Symbol]
    stm32f1xx_hal_uart.o(.text.HAL_UART_DeInit) refers to stm32f1xx_hal_msp.o(.text.HAL_UART_MspDeInit) for HAL_UART_MspDeInit
    stm32f1xx_hal_uart.o(.ARM.exidx.text.HAL_UART_DeInit) refers to stm32f1xx_hal_uart.o(.text.HAL_UART_DeInit) for [Anonymous Symbol]
    stm32f1xx_hal_uart.o(.ARM.exidx.text.HAL_UART_MspDeInit) refers to stm32f1xx_hal_uart.o(.text.HAL_UART_MspDeInit) for [Anonymous Symbol]
    stm32f1xx_hal_uart.o(.text.HAL_UART_Transmit) refers to stm32f1xx_hal.o(.text.HAL_GetTick) for HAL_GetTick
    stm32f1xx_hal_uart.o(.text.HAL_UART_Transmit) refers to stm32f1xx_hal_uart.o(.text.UART_WaitOnFlagUntilTimeout) for UART_WaitOnFlagUntilTimeout
    stm32f1xx_hal_uart.o(.ARM.exidx.text.HAL_UART_Transmit) refers to stm32f1xx_hal_uart.o(.text.HAL_UART_Transmit) for [Anonymous Symbol]
    stm32f1xx_hal_uart.o(.text.UART_WaitOnFlagUntilTimeout) refers to stm32f1xx_hal.o(.text.HAL_GetTick) for HAL_GetTick
    stm32f1xx_hal_uart.o(.ARM.exidx.text.UART_WaitOnFlagUntilTimeout) refers to stm32f1xx_hal_uart.o(.text.UART_WaitOnFlagUntilTimeout) for [Anonymous Symbol]
    stm32f1xx_hal_uart.o(.text.HAL_UART_Receive) refers to stm32f1xx_hal.o(.text.HAL_GetTick) for HAL_GetTick
    stm32f1xx_hal_uart.o(.text.HAL_UART_Receive) refers to stm32f1xx_hal_uart.o(.text.UART_WaitOnFlagUntilTimeout) for UART_WaitOnFlagUntilTimeout
    stm32f1xx_hal_uart.o(.ARM.exidx.text.HAL_UART_Receive) refers to stm32f1xx_hal_uart.o(.text.HAL_UART_Receive) for [Anonymous Symbol]
    stm32f1xx_hal_uart.o(.ARM.exidx.text.HAL_UART_Transmit_IT) refers to stm32f1xx_hal_uart.o(.text.HAL_UART_Transmit_IT) for [Anonymous Symbol]
    stm32f1xx_hal_uart.o(.text.HAL_UART_Receive_IT) refers to stm32f1xx_hal_uart.o(.text.UART_Start_Receive_IT) for UART_Start_Receive_IT
    stm32f1xx_hal_uart.o(.ARM.exidx.text.HAL_UART_Receive_IT) refers to stm32f1xx_hal_uart.o(.text.HAL_UART_Receive_IT) for [Anonymous Symbol]
    stm32f1xx_hal_uart.o(.ARM.exidx.text.UART_Start_Receive_IT) refers to stm32f1xx_hal_uart.o(.text.UART_Start_Receive_IT) for [Anonymous Symbol]
    stm32f1xx_hal_uart.o(.text.HAL_UART_Transmit_DMA) refers to stm32f1xx_hal_uart.o(.text.UART_DMATransmitCplt) for UART_DMATransmitCplt
    stm32f1xx_hal_uart.o(.text.HAL_UART_Transmit_DMA) refers to stm32f1xx_hal_uart.o(.text.UART_DMATxHalfCplt) for UART_DMATxHalfCplt
    stm32f1xx_hal_uart.o(.text.HAL_UART_Transmit_DMA) refers to stm32f1xx_hal_uart.o(.text.UART_DMAError) for UART_DMAError
    stm32f1xx_hal_uart.o(.text.HAL_UART_Transmit_DMA) refers to stm32f1xx_hal_dma.o(.text.HAL_DMA_Start_IT) for HAL_DMA_Start_IT
    stm32f1xx_hal_uart.o(.ARM.exidx.text.HAL_UART_Transmit_DMA) refers to stm32f1xx_hal_uart.o(.text.HAL_UART_Transmit_DMA) for [Anonymous Symbol]
    stm32f1xx_hal_uart.o(.text.UART_DMATransmitCplt) refers to stm32f1xx_hal_uart.o(.text.HAL_UART_TxCpltCallback) for HAL_UART_TxCpltCallback
    stm32f1xx_hal_uart.o(.ARM.exidx.text.UART_DMATransmitCplt) refers to stm32f1xx_hal_uart.o(.text.UART_DMATransmitCplt) for [Anonymous Symbol]
    stm32f1xx_hal_uart.o(.text.UART_DMATxHalfCplt) refers to stm32f1xx_hal_uart.o(.text.HAL_UART_TxHalfCpltCallback) for HAL_UART_TxHalfCpltCallback
    stm32f1xx_hal_uart.o(.ARM.exidx.text.UART_DMATxHalfCplt) refers to stm32f1xx_hal_uart.o(.text.UART_DMATxHalfCplt) for [Anonymous Symbol]
    stm32f1xx_hal_uart.o(.text.UART_DMAError) refers to stm32f1xx_hal_uart.o(.text.UART_EndTxTransfer) for UART_EndTxTransfer
    stm32f1xx_hal_uart.o(.text.UART_DMAError) refers to stm32f1xx_hal_uart.o(.text.UART_EndRxTransfer) for UART_EndRxTransfer
    stm32f1xx_hal_uart.o(.text.UART_DMAError) refers to stm32f1xx_hal_uart.o(.text.HAL_UART_ErrorCallback) for HAL_UART_ErrorCallback
    stm32f1xx_hal_uart.o(.ARM.exidx.text.UART_DMAError) refers to stm32f1xx_hal_uart.o(.text.UART_DMAError) for [Anonymous Symbol]
    stm32f1xx_hal_uart.o(.text.HAL_UART_Receive_DMA) refers to stm32f1xx_hal_uart.o(.text.UART_Start_Receive_DMA) for UART_Start_Receive_DMA
    stm32f1xx_hal_uart.o(.ARM.exidx.text.HAL_UART_Receive_DMA) refers to stm32f1xx_hal_uart.o(.text.HAL_UART_Receive_DMA) for [Anonymous Symbol]
    stm32f1xx_hal_uart.o(.text.UART_Start_Receive_DMA) refers to stm32f1xx_hal_uart.o(.text.UART_DMAReceiveCplt) for UART_DMAReceiveCplt
    stm32f1xx_hal_uart.o(.text.UART_Start_Receive_DMA) refers to stm32f1xx_hal_uart.o(.text.UART_DMARxHalfCplt) for UART_DMARxHalfCplt
    stm32f1xx_hal_uart.o(.text.UART_Start_Receive_DMA) refers to stm32f1xx_hal_uart.o(.text.UART_DMAError) for UART_DMAError
    stm32f1xx_hal_uart.o(.text.UART_Start_Receive_DMA) refers to stm32f1xx_hal_dma.o(.text.HAL_DMA_Start_IT) for HAL_DMA_Start_IT
    stm32f1xx_hal_uart.o(.ARM.exidx.text.UART_Start_Receive_DMA) refers to stm32f1xx_hal_uart.o(.text.UART_Start_Receive_DMA) for [Anonymous Symbol]
    stm32f1xx_hal_uart.o(.ARM.exidx.text.HAL_UART_DMAPause) refers to stm32f1xx_hal_uart.o(.text.HAL_UART_DMAPause) for [Anonymous Symbol]
    stm32f1xx_hal_uart.o(.ARM.exidx.text.HAL_UART_DMAResume) refers to stm32f1xx_hal_uart.o(.text.HAL_UART_DMAResume) for [Anonymous Symbol]
    stm32f1xx_hal_uart.o(.text.HAL_UART_DMAStop) refers to stm32f1xx_hal_dma.o(.text.HAL_DMA_Abort) for HAL_DMA_Abort
    stm32f1xx_hal_uart.o(.text.HAL_UART_DMAStop) refers to stm32f1xx_hal_uart.o(.text.UART_EndTxTransfer) for UART_EndTxTransfer
    stm32f1xx_hal_uart.o(.text.HAL_UART_DMAStop) refers to stm32f1xx_hal_uart.o(.text.UART_EndRxTransfer) for UART_EndRxTransfer
    stm32f1xx_hal_uart.o(.ARM.exidx.text.HAL_UART_DMAStop) refers to stm32f1xx_hal_uart.o(.text.HAL_UART_DMAStop) for [Anonymous Symbol]
    stm32f1xx_hal_uart.o(.ARM.exidx.text.UART_EndTxTransfer) refers to stm32f1xx_hal_uart.o(.text.UART_EndTxTransfer) for [Anonymous Symbol]
    stm32f1xx_hal_uart.o(.ARM.exidx.text.UART_EndRxTransfer) refers to stm32f1xx_hal_uart.o(.text.UART_EndRxTransfer) for [Anonymous Symbol]
    stm32f1xx_hal_uart.o(.text.HAL_UARTEx_ReceiveToIdle) refers to stm32f1xx_hal.o(.text.HAL_GetTick) for HAL_GetTick
    stm32f1xx_hal_uart.o(.ARM.exidx.text.HAL_UARTEx_ReceiveToIdle) refers to stm32f1xx_hal_uart.o(.text.HAL_UARTEx_ReceiveToIdle) for [Anonymous Symbol]
    stm32f1xx_hal_uart.o(.text.HAL_UARTEx_ReceiveToIdle_IT) refers to stm32f1xx_hal_uart.o(.text.UART_Start_Receive_IT) for UART_Start_Receive_IT
    stm32f1xx_hal_uart.o(.ARM.exidx.text.HAL_UARTEx_ReceiveToIdle_IT) refers to stm32f1xx_hal_uart.o(.text.HAL_UARTEx_ReceiveToIdle_IT) for [Anonymous Symbol]
    stm32f1xx_hal_uart.o(.text.HAL_UARTEx_ReceiveToIdle_DMA) refers to stm32f1xx_hal_uart.o(.text.UART_Start_Receive_DMA) for UART_Start_Receive_DMA
    stm32f1xx_hal_uart.o(.ARM.exidx.text.HAL_UARTEx_ReceiveToIdle_DMA) refers to stm32f1xx_hal_uart.o(.text.HAL_UARTEx_ReceiveToIdle_DMA) for [Anonymous Symbol]
    stm32f1xx_hal_uart.o(.text.HAL_UART_Abort) refers to stm32f1xx_hal_dma.o(.text.HAL_DMA_Abort) for HAL_DMA_Abort
    stm32f1xx_hal_uart.o(.text.HAL_UART_Abort) refers to stm32f1xx_hal_dma.o(.text.HAL_DMA_GetError) for HAL_DMA_GetError
    stm32f1xx_hal_uart.o(.ARM.exidx.text.HAL_UART_Abort) refers to stm32f1xx_hal_uart.o(.text.HAL_UART_Abort) for [Anonymous Symbol]
    stm32f1xx_hal_uart.o(.text.HAL_UART_AbortTransmit) refers to stm32f1xx_hal_dma.o(.text.HAL_DMA_Abort) for HAL_DMA_Abort
    stm32f1xx_hal_uart.o(.text.HAL_UART_AbortTransmit) refers to stm32f1xx_hal_dma.o(.text.HAL_DMA_GetError) for HAL_DMA_GetError
    stm32f1xx_hal_uart.o(.ARM.exidx.text.HAL_UART_AbortTransmit) refers to stm32f1xx_hal_uart.o(.text.HAL_UART_AbortTransmit) for [Anonymous Symbol]
    stm32f1xx_hal_uart.o(.text.HAL_UART_AbortReceive) refers to stm32f1xx_hal_dma.o(.text.HAL_DMA_Abort) for HAL_DMA_Abort
    stm32f1xx_hal_uart.o(.text.HAL_UART_AbortReceive) refers to stm32f1xx_hal_dma.o(.text.HAL_DMA_GetError) for HAL_DMA_GetError
    stm32f1xx_hal_uart.o(.ARM.exidx.text.HAL_UART_AbortReceive) refers to stm32f1xx_hal_uart.o(.text.HAL_UART_AbortReceive) for [Anonymous Symbol]
    stm32f1xx_hal_uart.o(.text.HAL_UART_Abort_IT) refers to stm32f1xx_hal_uart.o(.text.UART_DMATxAbortCallback) for UART_DMATxAbortCallback
    stm32f1xx_hal_uart.o(.text.HAL_UART_Abort_IT) refers to stm32f1xx_hal_uart.o(.text.UART_DMARxAbortCallback) for UART_DMARxAbortCallback
    stm32f1xx_hal_uart.o(.text.HAL_UART_Abort_IT) refers to stm32f1xx_hal_dma.o(.text.HAL_DMA_Abort_IT) for HAL_DMA_Abort_IT
    stm32f1xx_hal_uart.o(.text.HAL_UART_Abort_IT) refers to stm32f1xx_hal_uart.o(.text.HAL_UART_AbortCpltCallback) for HAL_UART_AbortCpltCallback
    stm32f1xx_hal_uart.o(.ARM.exidx.text.HAL_UART_Abort_IT) refers to stm32f1xx_hal_uart.o(.text.HAL_UART_Abort_IT) for [Anonymous Symbol]
    stm32f1xx_hal_uart.o(.text.UART_DMATxAbortCallback) refers to stm32f1xx_hal_uart.o(.text.HAL_UART_AbortCpltCallback) for HAL_UART_AbortCpltCallback
    stm32f1xx_hal_uart.o(.ARM.exidx.text.UART_DMATxAbortCallback) refers to stm32f1xx_hal_uart.o(.text.UART_DMATxAbortCallback) for [Anonymous Symbol]
    stm32f1xx_hal_uart.o(.text.UART_DMARxAbortCallback) refers to stm32f1xx_hal_uart.o(.text.HAL_UART_AbortCpltCallback) for HAL_UART_AbortCpltCallback
    stm32f1xx_hal_uart.o(.ARM.exidx.text.UART_DMARxAbortCallback) refers to stm32f1xx_hal_uart.o(.text.UART_DMARxAbortCallback) for [Anonymous Symbol]
    stm32f1xx_hal_uart.o(.ARM.exidx.text.HAL_UART_AbortCpltCallback) refers to stm32f1xx_hal_uart.o(.text.HAL_UART_AbortCpltCallback) for [Anonymous Symbol]
    stm32f1xx_hal_uart.o(.text.HAL_UART_AbortTransmit_IT) refers to stm32f1xx_hal_uart.o(.text.UART_DMATxOnlyAbortCallback) for UART_DMATxOnlyAbortCallback
    stm32f1xx_hal_uart.o(.text.HAL_UART_AbortTransmit_IT) refers to stm32f1xx_hal_dma.o(.text.HAL_DMA_Abort_IT) for HAL_DMA_Abort_IT
    stm32f1xx_hal_uart.o(.text.HAL_UART_AbortTransmit_IT) refers to stm32f1xx_hal_uart.o(.text.HAL_UART_AbortTransmitCpltCallback) for HAL_UART_AbortTransmitCpltCallback
    stm32f1xx_hal_uart.o(.ARM.exidx.text.HAL_UART_AbortTransmit_IT) refers to stm32f1xx_hal_uart.o(.text.HAL_UART_AbortTransmit_IT) for [Anonymous Symbol]
    stm32f1xx_hal_uart.o(.text.UART_DMATxOnlyAbortCallback) refers to stm32f1xx_hal_uart.o(.text.HAL_UART_AbortTransmitCpltCallback) for HAL_UART_AbortTransmitCpltCallback
    stm32f1xx_hal_uart.o(.ARM.exidx.text.UART_DMATxOnlyAbortCallback) refers to stm32f1xx_hal_uart.o(.text.UART_DMATxOnlyAbortCallback) for [Anonymous Symbol]
    stm32f1xx_hal_uart.o(.ARM.exidx.text.HAL_UART_AbortTransmitCpltCallback) refers to stm32f1xx_hal_uart.o(.text.HAL_UART_AbortTransmitCpltCallback) for [Anonymous Symbol]
    stm32f1xx_hal_uart.o(.text.HAL_UART_AbortReceive_IT) refers to stm32f1xx_hal_uart.o(.text.UART_DMARxOnlyAbortCallback) for UART_DMARxOnlyAbortCallback
    stm32f1xx_hal_uart.o(.text.HAL_UART_AbortReceive_IT) refers to stm32f1xx_hal_dma.o(.text.HAL_DMA_Abort_IT) for HAL_DMA_Abort_IT
    stm32f1xx_hal_uart.o(.text.HAL_UART_AbortReceive_IT) refers to stm32f1xx_hal_uart.o(.text.HAL_UART_AbortReceiveCpltCallback) for HAL_UART_AbortReceiveCpltCallback
    stm32f1xx_hal_uart.o(.ARM.exidx.text.HAL_UART_AbortReceive_IT) refers to stm32f1xx_hal_uart.o(.text.HAL_UART_AbortReceive_IT) for [Anonymous Symbol]
    stm32f1xx_hal_uart.o(.text.UART_DMARxOnlyAbortCallback) refers to stm32f1xx_hal_uart.o(.text.HAL_UART_AbortReceiveCpltCallback) for HAL_UART_AbortReceiveCpltCallback
    stm32f1xx_hal_uart.o(.ARM.exidx.text.UART_DMARxOnlyAbortCallback) refers to stm32f1xx_hal_uart.o(.text.UART_DMARxOnlyAbortCallback) for [Anonymous Symbol]
    stm32f1xx_hal_uart.o(.ARM.exidx.text.HAL_UART_AbortReceiveCpltCallback) refers to stm32f1xx_hal_uart.o(.text.HAL_UART_AbortReceiveCpltCallback) for [Anonymous Symbol]
    stm32f1xx_hal_uart.o(.text.HAL_UART_IRQHandler) refers to stm32f1xx_hal_uart.o(.text.UART_Receive_IT) for UART_Receive_IT
    stm32f1xx_hal_uart.o(.text.HAL_UART_IRQHandler) refers to stm32f1xx_hal_uart.o(.text.UART_EndRxTransfer) for UART_EndRxTransfer
    stm32f1xx_hal_uart.o(.text.HAL_UART_IRQHandler) refers to stm32f1xx_hal_uart.o(.text.UART_DMAAbortOnError) for UART_DMAAbortOnError
    stm32f1xx_hal_uart.o(.text.HAL_UART_IRQHandler) refers to stm32f1xx_hal_dma.o(.text.HAL_DMA_Abort_IT) for HAL_DMA_Abort_IT
    stm32f1xx_hal_uart.o(.text.HAL_UART_IRQHandler) refers to stm32f1xx_hal_uart.o(.text.HAL_UART_ErrorCallback) for HAL_UART_ErrorCallback
    stm32f1xx_hal_uart.o(.text.HAL_UART_IRQHandler) refers to stm32f1xx_hal_dma.o(.text.HAL_DMA_Abort) for HAL_DMA_Abort
    stm32f1xx_hal_uart.o(.text.HAL_UART_IRQHandler) refers to stm32f1xx_hal_uart.o(.text.HAL_UARTEx_RxEventCallback) for HAL_UARTEx_RxEventCallback
    stm32f1xx_hal_uart.o(.text.HAL_UART_IRQHandler) refers to stm32f1xx_hal_uart.o(.text.UART_Transmit_IT) for UART_Transmit_IT
    stm32f1xx_hal_uart.o(.text.HAL_UART_IRQHandler) refers to stm32f1xx_hal_uart.o(.text.UART_EndTransmit_IT) for UART_EndTransmit_IT
    stm32f1xx_hal_uart.o(.ARM.exidx.text.HAL_UART_IRQHandler) refers to stm32f1xx_hal_uart.o(.text.HAL_UART_IRQHandler) for [Anonymous Symbol]
    stm32f1xx_hal_uart.o(.text.UART_Receive_IT) refers to stm32f1xx_hal_uart.o(.text.HAL_UARTEx_RxEventCallback) for HAL_UARTEx_RxEventCallback
    stm32f1xx_hal_uart.o(.text.UART_Receive_IT) refers to stm32f1xx_hal_uart.o(.text.HAL_UART_RxCpltCallback) for HAL_UART_RxCpltCallback
    stm32f1xx_hal_uart.o(.ARM.exidx.text.UART_Receive_IT) refers to stm32f1xx_hal_uart.o(.text.UART_Receive_IT) for [Anonymous Symbol]
    stm32f1xx_hal_uart.o(.text.UART_DMAAbortOnError) refers to stm32f1xx_hal_uart.o(.text.HAL_UART_ErrorCallback) for HAL_UART_ErrorCallback
    stm32f1xx_hal_uart.o(.ARM.exidx.text.UART_DMAAbortOnError) refers to stm32f1xx_hal_uart.o(.text.UART_DMAAbortOnError) for [Anonymous Symbol]
    stm32f1xx_hal_uart.o(.ARM.exidx.text.HAL_UART_ErrorCallback) refers to stm32f1xx_hal_uart.o(.text.HAL_UART_ErrorCallback) for [Anonymous Symbol]
    stm32f1xx_hal_uart.o(.ARM.exidx.text.HAL_UARTEx_RxEventCallback) refers to stm32f1xx_hal_uart.o(.text.HAL_UARTEx_RxEventCallback) for [Anonymous Symbol]
    stm32f1xx_hal_uart.o(.ARM.exidx.text.UART_Transmit_IT) refers to stm32f1xx_hal_uart.o(.text.UART_Transmit_IT) for [Anonymous Symbol]
    stm32f1xx_hal_uart.o(.text.UART_EndTransmit_IT) refers to stm32f1xx_hal_uart.o(.text.HAL_UART_TxCpltCallback) for HAL_UART_TxCpltCallback
    stm32f1xx_hal_uart.o(.ARM.exidx.text.UART_EndTransmit_IT) refers to stm32f1xx_hal_uart.o(.text.UART_EndTransmit_IT) for [Anonymous Symbol]
    stm32f1xx_hal_uart.o(.ARM.exidx.text.HAL_UART_TxCpltCallback) refers to stm32f1xx_hal_uart.o(.text.HAL_UART_TxCpltCallback) for [Anonymous Symbol]
    stm32f1xx_hal_uart.o(.ARM.exidx.text.HAL_UART_TxHalfCpltCallback) refers to stm32f1xx_hal_uart.o(.text.HAL_UART_TxHalfCpltCallback) for [Anonymous Symbol]
    stm32f1xx_hal_uart.o(.ARM.exidx.text.HAL_UART_RxCpltCallback) refers to stm32f1xx_hal_uart.o(.text.HAL_UART_RxCpltCallback) for [Anonymous Symbol]
    stm32f1xx_hal_uart.o(.ARM.exidx.text.HAL_UART_RxHalfCpltCallback) refers to stm32f1xx_hal_uart.o(.text.HAL_UART_RxHalfCpltCallback) for [Anonymous Symbol]
    stm32f1xx_hal_uart.o(.ARM.exidx.text.HAL_LIN_SendBreak) refers to stm32f1xx_hal_uart.o(.text.HAL_LIN_SendBreak) for [Anonymous Symbol]
    stm32f1xx_hal_uart.o(.ARM.exidx.text.HAL_MultiProcessor_EnterMuteMode) refers to stm32f1xx_hal_uart.o(.text.HAL_MultiProcessor_EnterMuteMode) for [Anonymous Symbol]
    stm32f1xx_hal_uart.o(.ARM.exidx.text.HAL_MultiProcessor_ExitMuteMode) refers to stm32f1xx_hal_uart.o(.text.HAL_MultiProcessor_ExitMuteMode) for [Anonymous Symbol]
    stm32f1xx_hal_uart.o(.ARM.exidx.text.HAL_HalfDuplex_EnableTransmitter) refers to stm32f1xx_hal_uart.o(.text.HAL_HalfDuplex_EnableTransmitter) for [Anonymous Symbol]
    stm32f1xx_hal_uart.o(.ARM.exidx.text.HAL_HalfDuplex_EnableReceiver) refers to stm32f1xx_hal_uart.o(.text.HAL_HalfDuplex_EnableReceiver) for [Anonymous Symbol]
    stm32f1xx_hal_uart.o(.ARM.exidx.text.HAL_UART_GetState) refers to stm32f1xx_hal_uart.o(.text.HAL_UART_GetState) for [Anonymous Symbol]
    stm32f1xx_hal_uart.o(.ARM.exidx.text.HAL_UART_GetError) refers to stm32f1xx_hal_uart.o(.text.HAL_UART_GetError) for [Anonymous Symbol]
    stm32f1xx_hal_uart.o(.text.UART_DMAReceiveCplt) refers to stm32f1xx_hal_uart.o(.text.HAL_UARTEx_RxEventCallback) for HAL_UARTEx_RxEventCallback
    stm32f1xx_hal_uart.o(.text.UART_DMAReceiveCplt) refers to stm32f1xx_hal_uart.o(.text.HAL_UART_RxCpltCallback) for HAL_UART_RxCpltCallback
    stm32f1xx_hal_uart.o(.ARM.exidx.text.UART_DMAReceiveCplt) refers to stm32f1xx_hal_uart.o(.text.UART_DMAReceiveCplt) for [Anonymous Symbol]
    stm32f1xx_hal_uart.o(.text.UART_DMARxHalfCplt) refers to stm32f1xx_hal_uart.o(.text.HAL_UARTEx_RxEventCallback) for HAL_UARTEx_RxEventCallback
    stm32f1xx_hal_uart.o(.text.UART_DMARxHalfCplt) refers to stm32f1xx_hal_uart.o(.text.HAL_UART_RxHalfCpltCallback) for HAL_UART_RxHalfCpltCallback
    stm32f1xx_hal_uart.o(.ARM.exidx.text.UART_DMARxHalfCplt) refers to stm32f1xx_hal_uart.o(.text.UART_DMARxHalfCplt) for [Anonymous Symbol]
    system_stm32f1xx.o(.ARM.exidx.text.SystemInit) refers to system_stm32f1xx.o(.text.SystemInit) for [Anonymous Symbol]
    system_stm32f1xx.o(.text.SystemCoreClockUpdate) refers to system_stm32f1xx.o(.data.SystemCoreClock) for SystemCoreClock
    system_stm32f1xx.o(.text.SystemCoreClockUpdate) refers to system_stm32f1xx.o(.rodata.AHBPrescTable) for AHBPrescTable
    system_stm32f1xx.o(.ARM.exidx.text.SystemCoreClockUpdate) refers to system_stm32f1xx.o(.text.SystemCoreClockUpdate) for [Anonymous Symbol]
    __main.o(!!!main) refers to __rtentry.o(.ARM.Collect$$rtentry$$00000000) for __rt_entry
    d2f.o(x$fpl$d2f) refers (Special) to usenofp.o(x$fpl$usenofp) for __I$use$fp
    d2f.o(x$fpl$d2f) refers to fretinf.o(x$fpl$fretinf) for __fpl_fretinf
    d2f.o(x$fpl$d2f) refers to dnaninf.o(x$fpl$dnaninf) for __fpl_dnaninf
    daddsub_clz.o(x$fpl$dadd) refers (Special) to usenofp.o(x$fpl$usenofp) for __I$use$fp
    daddsub_clz.o(x$fpl$dadd) refers to daddsub_clz.o(x$fpl$dsub) for _dsub1
    daddsub_clz.o(x$fpl$dadd) refers to dretinf.o(x$fpl$dretinf) for __fpl_dretinf
    daddsub_clz.o(x$fpl$dadd) refers to dnaninf.o(x$fpl$dnaninf) for __fpl_dnaninf
    daddsub_clz.o(x$fpl$drsb) refers (Special) to usenofp.o(x$fpl$usenofp) for __I$use$fp
    daddsub_clz.o(x$fpl$drsb) refers to daddsub_clz.o(x$fpl$dadd) for _dadd1
    daddsub_clz.o(x$fpl$drsb) refers to daddsub_clz.o(x$fpl$dsub) for _dsub1
    daddsub_clz.o(x$fpl$dsub) refers (Special) to usenofp.o(x$fpl$usenofp) for __I$use$fp
    daddsub_clz.o(x$fpl$dsub) refers to daddsub_clz.o(x$fpl$dadd) for _dadd1
    daddsub_clz.o(x$fpl$dsub) refers to dnaninf.o(x$fpl$dnaninf) for __fpl_dnaninf
    dcmp.o(x$fpl$fcmp) refers (Special) to usenofp.o(x$fpl$usenofp) for __I$use$fp
    dcmp.o(x$fpl$fcmp) refers to deqf.o(x$fpl$deqf) for _dcmpeq
    dcmp.o(x$fpl$fcmp) refers to dgeqf.o(x$fpl$dgeqf) for _dcmpge
    dcmp.o(x$fpl$fcmp) refers to dleqf.o(x$fpl$dleqf) for _dcmple
    ddiv.o(x$fpl$drdiv) refers (Special) to usenofp.o(x$fpl$usenofp) for __I$use$fp
    ddiv.o(x$fpl$drdiv) refers to ddiv.o(x$fpl$ddiv) for ddiv_entry
    ddiv.o(x$fpl$ddiv) refers (Special) to usenofp.o(x$fpl$usenofp) for __I$use$fp
    ddiv.o(x$fpl$ddiv) refers to dretinf.o(x$fpl$dretinf) for __fpl_dretinf
    ddiv.o(x$fpl$ddiv) refers to dnaninf.o(x$fpl$dnaninf) for __fpl_dnaninf
    dfix.o(x$fpl$dfix) refers (Special) to usenofp.o(x$fpl$usenofp) for __I$use$fp
    dfix.o(x$fpl$dfix) refers to dnaninf.o(x$fpl$dnaninf) for __fpl_dnaninf
    dfix.o(x$fpl$dfixr) refers (Special) to usenofp.o(x$fpl$usenofp) for __I$use$fp
    dfix.o(x$fpl$dfixr) refers to dnaninf.o(x$fpl$dnaninf) for __fpl_dnaninf
    dflt_clz.o(x$fpl$dfltu) refers (Special) to usenofp.o(x$fpl$usenofp) for __I$use$fp
    dflt_clz.o(x$fpl$dflt) refers (Special) to usenofp.o(x$fpl$usenofp) for __I$use$fp
    dflt_clz.o(x$fpl$dfltn) refers (Special) to usenofp.o(x$fpl$usenofp) for __I$use$fp
    dmul.o(x$fpl$dmul) refers (Special) to usenofp.o(x$fpl$usenofp) for __I$use$fp
    dmul.o(x$fpl$dmul) refers to dretinf.o(x$fpl$dretinf) for __fpl_dretinf
    dmul.o(x$fpl$dmul) refers to dnaninf.o(x$fpl$dnaninf) for __fpl_dnaninf
    f2d.o(x$fpl$f2d) refers (Special) to usenofp.o(x$fpl$usenofp) for __I$use$fp
    f2d.o(x$fpl$f2d) refers to fnaninf.o(x$fpl$fnaninf) for __fpl_fnaninf
    f2d.o(x$fpl$f2d) refers to dretinf.o(x$fpl$dretinf) for __fpl_dretinf
    faddsub_clz.o(x$fpl$fadd) refers (Special) to usenofp.o(x$fpl$usenofp) for __I$use$fp
    faddsub_clz.o(x$fpl$fadd) refers to faddsub_clz.o(x$fpl$fsub) for _fsub1
    faddsub_clz.o(x$fpl$fadd) refers to fretinf.o(x$fpl$fretinf) for __fpl_fretinf
    faddsub_clz.o(x$fpl$fadd) refers to fnaninf.o(x$fpl$fnaninf) for __fpl_fnaninf
    faddsub_clz.o(x$fpl$frsb) refers (Special) to usenofp.o(x$fpl$usenofp) for __I$use$fp
    faddsub_clz.o(x$fpl$frsb) refers to faddsub_clz.o(x$fpl$fadd) for _fadd1
    faddsub_clz.o(x$fpl$frsb) refers to faddsub_clz.o(x$fpl$fsub) for _fsub1
    faddsub_clz.o(x$fpl$fsub) refers (Special) to usenofp.o(x$fpl$usenofp) for __I$use$fp
    faddsub_clz.o(x$fpl$fsub) refers to faddsub_clz.o(x$fpl$fadd) for _fadd1
    faddsub_clz.o(x$fpl$fsub) refers to fnaninf.o(x$fpl$fnaninf) for __fpl_fnaninf
    fcmp.o(x$fpl$fcmp) refers (Special) to usenofp.o(x$fpl$usenofp) for __I$use$fp
    fcmp.o(x$fpl$fcmp) refers to feqf.o(x$fpl$feqf) for _fcmpeq
    fcmp.o(x$fpl$fcmp) refers to fgeqf.o(x$fpl$fgeqf) for _fcmpge
    fcmp.o(x$fpl$fcmp) refers to fleqf.o(x$fpl$fleqf) for _fcmple
    fdiv.o(x$fpl$frdiv) refers (Special) to usenofp.o(x$fpl$usenofp) for __I$use$fp
    fdiv.o(x$fpl$frdiv) refers to fdiv.o(x$fpl$fdiv) for _fdiv1
    fdiv.o(x$fpl$fdiv) refers (Special) to usenofp.o(x$fpl$usenofp) for __I$use$fp
    fdiv.o(x$fpl$fdiv) refers to fretinf.o(x$fpl$fretinf) for __fpl_fretinf
    fdiv.o(x$fpl$fdiv) refers to fnaninf.o(x$fpl$fnaninf) for __fpl_fnaninf
    fflt_clz.o(x$fpl$ffltu) refers (Special) to usenofp.o(x$fpl$usenofp) for __I$use$fp
    fflt_clz.o(x$fpl$fflt) refers (Special) to usenofp.o(x$fpl$usenofp) for __I$use$fp
    fflt_clz.o(x$fpl$ffltn) refers (Special) to usenofp.o(x$fpl$usenofp) for __I$use$fp
    fmul.o(x$fpl$fmul) refers (Special) to usenofp.o(x$fpl$usenofp) for __I$use$fp
    fmul.o(x$fpl$fmul) refers to fretinf.o(x$fpl$fretinf) for __fpl_fretinf
    fmul.o(x$fpl$fmul) refers to fnaninf.o(x$fpl$fnaninf) for __fpl_fnaninf
    asin.o(i.__softfp_asin) refers (Special) to usenofp.o(x$fpl$usenofp) for __I$use$fp
    asin.o(i.__softfp_asin) refers to asin.o(i.asin) for asin
    asin.o(i.asin) refers (Special) to usenofp.o(x$fpl$usenofp) for __I$use$fp
    asin.o(i.asin) refers to dunder.o(i.__mathlib_dbl_infnan) for __mathlib_dbl_infnan
    asin.o(i.asin) refers to dmul.o(x$fpl$dmul) for __aeabi_dmul
    asin.o(i.asin) refers to daddsub_clz.o(x$fpl$dadd) for __aeabi_dadd
    asin.o(i.asin) refers to _rserrno.o(.text) for __set_errno
    asin.o(i.asin) refers to dunder.o(i.__mathlib_dbl_invalid) for __mathlib_dbl_invalid
    asin.o(i.asin) refers to fpclassify.o(i.__ARM_fpclassify) for __ARM_fpclassify
    asin.o(i.asin) refers to dunder.o(i.__mathlib_dbl_underflow) for __mathlib_dbl_underflow
    asin.o(i.asin) refers to poly.o(i.__kernel_poly) for __kernel_poly
    asin.o(i.asin) refers to ddiv.o(x$fpl$ddiv) for __aeabi_ddiv
    asin.o(i.asin) refers to daddsub_clz.o(x$fpl$drsb) for __aeabi_drsub
    asin.o(i.asin) refers to scalbn.o(x$fpl$scalbn) for __ARM_scalbn
    asin.o(i.asin) refers to sqrt.o(i.sqrt) for sqrt
    asin.o(i.asin) refers to daddsub_clz.o(x$fpl$dsub) for __aeabi_dsub
    asin.o(i.asin) refers to asin.o(.constdata) for .constdata
    asin.o(.constdata) refers (Special) to usenofp.o(x$fpl$usenofp) for __I$use$fp
    atan2.o(i.__softfp_atan2) refers (Special) to usenofp.o(x$fpl$usenofp) for __I$use$fp
    atan2.o(i.__softfp_atan2) refers to atan2.o(i.atan2) for atan2
    atan2.o(i.atan2) refers (Special) to usenofp.o(x$fpl$usenofp) for __I$use$fp
    atan2.o(i.atan2) refers to dunder.o(i.__mathlib_dbl_infnan2) for __mathlib_dbl_infnan2
    atan2.o(i.atan2) refers to atan.o(i.atan) for atan
    atan2.o(i.atan2) refers to ddiv.o(x$fpl$ddiv) for __aeabi_ddiv
    atan2.o(i.atan2) refers to daddsub_clz.o(x$fpl$dsub) for __aeabi_dsub
    atan2.o(i.atan2) refers to deqf.o(x$fpl$deqf) for __aeabi_cdcmpeq
    atan2.o(i.atan2) refers to _rserrno.o(.text) for __set_errno
    atan2.o(i.atan2) refers to daddsub_clz.o(x$fpl$drsb) for __aeabi_drsub
    atan2.o(i.atan2) refers to qnan.o(.constdata) for __mathlib_zero
    atan2f.o(i.__softfp_atan2f) refers (Special) to usenofp.o(x$fpl$usenofp) for __I$use$fp
    atan2f.o(i.__softfp_atan2f) refers to atan2f.o(i.atan2f) for atan2f
    atan2f.o(i.atan2f) refers (Special) to usenofp.o(x$fpl$usenofp) for __I$use$fp
    atan2f.o(i.atan2f) refers to fdiv.o(x$fpl$fdiv) for __aeabi_fdiv
    atan2f.o(i.atan2f) refers to fpclassifyf.o(i.__ARM_fpclassifyf) for __ARM_fpclassifyf
    atan2f.o(i.atan2f) refers to funder.o(i.__mathlib_flt_underflow) for __mathlib_flt_underflow
    atan2f.o(i.atan2f) refers to _rserrno.o(.text) for __set_errno
    atan2f.o(i.atan2f) refers to faddsub_clz.o(x$fpl$fsub) for __aeabi_fsub
    atan2f.o(i.atan2f) refers to faddsub_clz.o(x$fpl$fadd) for __aeabi_fadd
    atan2f.o(i.atan2f) refers to fmul.o(x$fpl$fmul) for __aeabi_fmul
    atan2f.o(i.atan2f) refers to faddsub_clz.o(x$fpl$frsb) for __aeabi_frsub
    atan2f.o(i.atan2f) refers to funder.o(i.__mathlib_flt_infnan2) for __mathlib_flt_infnan2
    cosf.o(i.__softfp_cosf) refers (Special) to usenofp.o(x$fpl$usenofp) for __I$use$fp
    cosf.o(i.__softfp_cosf) refers to cosf.o(i.cosf) for cosf
    cosf.o(i.cosf) refers (Special) to usenofp.o(x$fpl$usenofp) for __I$use$fp
    cosf.o(i.cosf) refers to fmul.o(x$fpl$fmul) for __aeabi_fmul
    cosf.o(i.cosf) refers to frnd.o(x$fpl$frnd) for _frnd
    cosf.o(i.cosf) refers to ffix.o(x$fpl$ffix) for __aeabi_f2iz
    cosf.o(i.cosf) refers to faddsub_clz.o(x$fpl$frsb) for __aeabi_frsub
    cosf.o(i.cosf) refers to faddsub_clz.o(x$fpl$fsub) for __aeabi_fsub
    cosf.o(i.cosf) refers to faddsub_clz.o(x$fpl$fadd) for __aeabi_fadd
    cosf.o(i.cosf) refers to rredf.o(i.__mathlib_rredf2) for __mathlib_rredf2
    cosf.o(i.cosf) refers to _rserrno.o(.text) for __set_errno
    cosf.o(i.cosf) refers to funder.o(i.__mathlib_flt_invalid) for __mathlib_flt_invalid
    cosf.o(i.cosf) refers to funder.o(i.__mathlib_flt_infnan) for __mathlib_flt_infnan
    sinf.o(i.__softfp_sinf) refers (Special) to usenofp.o(x$fpl$usenofp) for __I$use$fp
    sinf.o(i.__softfp_sinf) refers to sinf.o(i.sinf) for sinf
    sinf.o(i.sinf) refers (Special) to usenofp.o(x$fpl$usenofp) for __I$use$fp
    sinf.o(i.sinf) refers to fmul.o(x$fpl$fmul) for __aeabi_fmul
    sinf.o(i.sinf) refers to frnd.o(x$fpl$frnd) for _frnd
    sinf.o(i.sinf) refers to ffix.o(x$fpl$ffix) for __aeabi_f2iz
    sinf.o(i.sinf) refers to faddsub_clz.o(x$fpl$frsb) for __aeabi_frsub
    sinf.o(i.sinf) refers to faddsub_clz.o(x$fpl$fsub) for __aeabi_fsub
    sinf.o(i.sinf) refers to faddsub_clz.o(x$fpl$fadd) for __aeabi_fadd
    sinf.o(i.sinf) refers to rredf.o(i.__mathlib_rredf2) for __mathlib_rredf2
    sinf.o(i.sinf) refers to fpclassifyf.o(i.__ARM_fpclassifyf) for __ARM_fpclassifyf
    sinf.o(i.sinf) refers to funder.o(i.__mathlib_flt_underflow) for __mathlib_flt_underflow
    sinf.o(i.sinf) refers to _rserrno.o(.text) for __set_errno
    sinf.o(i.sinf) refers to funder.o(i.__mathlib_flt_invalid) for __mathlib_flt_invalid
    sinf.o(i.sinf) refers to funder.o(i.__mathlib_flt_infnan) for __mathlib_flt_infnan
    sqrt.o(i.__softfp_sqrt) refers (Special) to usenofp.o(x$fpl$usenofp) for __I$use$fp
    sqrt.o(i.__softfp_sqrt) refers to dsqrt_noumaal.o(x$fpl$dsqrt) for _dsqrt
    sqrt.o(i.__softfp_sqrt) refers to _rserrno.o(.text) for __set_errno
    sqrt.o(i.sqrt) refers (Special) to usenofp.o(x$fpl$usenofp) for __I$use$fp
    sqrt.o(i.sqrt) refers to dsqrt_noumaal.o(x$fpl$dsqrt) for _dsqrt
    sqrt.o(i.sqrt) refers to _rserrno.o(.text) for __set_errno
    sqrtf.o(i.__softfp_sqrtf) refers (Special) to usenofp.o(x$fpl$usenofp) for __I$use$fp
    sqrtf.o(i.__softfp_sqrtf) refers to fsqrt.o(x$fpl$fsqrt) for _fsqrt
    sqrtf.o(i.__softfp_sqrtf) refers to _rserrno.o(.text) for __set_errno
    sqrtf.o(i.sqrtf) refers (Special) to usenofp.o(x$fpl$usenofp) for __I$use$fp
    sqrtf.o(i.sqrtf) refers to fsqrt.o(x$fpl$fsqrt) for _fsqrt
    sqrtf.o(i.sqrtf) refers to _rserrno.o(.text) for __set_errno
    __rtentry.o(.ARM.Collect$$rtentry$$00000000) refers (Special) to __rtentry2.o(.ARM.Collect$$rtentry$$0000000A) for __rt_entry_li
    __rtentry.o(.ARM.Collect$$rtentry$$00000000) refers (Special) to __rtentry2.o(.ARM.Collect$$rtentry$$0000000D) for __rt_entry_main
    __rtentry.o(.ARM.Collect$$rtentry$$00000000) refers (Special) to __rtentry2.o(.ARM.Collect$$rtentry$$0000000C) for __rt_entry_postli_1
    __rtentry.o(.ARM.Collect$$rtentry$$00000000) refers (Special) to __rtentry2.o(.ARM.Collect$$rtentry$$00000009) for __rt_entry_postsh_1
    __rtentry.o(.ARM.Collect$$rtentry$$00000000) refers (Special) to __rtentry2.o(.ARM.Collect$$rtentry$$00000002) for __rt_entry_presh_1
    __rtentry.o(.ARM.Collect$$rtentry$$00000000) refers (Special) to __rtentry4.o(.ARM.Collect$$rtentry$$00000004) for __rt_entry_sh
    _rserrno.o(.text) refers to rt_errno_addr_intlibspace.o(.text) for __aeabi_errno_addr
    deqf.o(x$fpl$deqf) refers (Special) to usenofp.o(x$fpl$usenofp) for __I$use$fp
    deqf.o(x$fpl$deqf) refers to dnaninf.o(x$fpl$dnaninf) for __fpl_dnaninf
    deqf.o(x$fpl$deqf) refers to dcmpi.o(x$fpl$dcmpinf) for __fpl_dcmp_Inf
    dgeqf.o(x$fpl$dgeqf) refers (Special) to usenofp.o(x$fpl$usenofp) for __I$use$fp
    dgeqf.o(x$fpl$dgeqf) refers to dnaninf.o(x$fpl$dnaninf) for __fpl_dnaninf
    dgeqf.o(x$fpl$dgeqf) refers to dcmpi.o(x$fpl$dcmpinf) for __fpl_dcmp_Inf
    dleqf.o(x$fpl$dleqf) refers (Special) to usenofp.o(x$fpl$usenofp) for __I$use$fp
    dleqf.o(x$fpl$dleqf) refers to dnaninf.o(x$fpl$dnaninf) for __fpl_dnaninf
    dleqf.o(x$fpl$dleqf) refers to dcmpi.o(x$fpl$dcmpinf) for __fpl_dcmp_Inf
    dnaninf.o(x$fpl$dnaninf) refers (Special) to usenofp.o(x$fpl$usenofp) for __I$use$fp
    dretinf.o(x$fpl$dretinf) refers (Special) to usenofp.o(x$fpl$usenofp) for __I$use$fp
    dsqrt_noumaal.o(x$fpl$dsqrt) refers (Special) to usenofp.o(x$fpl$usenofp) for __I$use$fp
    dsqrt_noumaal.o(x$fpl$dsqrt) refers to dnaninf.o(x$fpl$dnaninf) for __fpl_dnaninf
    feqf.o(x$fpl$feqf) refers (Special) to usenofp.o(x$fpl$usenofp) for __I$use$fp
    feqf.o(x$fpl$feqf) refers to fnaninf.o(x$fpl$fnaninf) for __fpl_fnaninf
    feqf.o(x$fpl$feqf) refers to fcmpi.o(x$fpl$fcmpinf) for __fpl_fcmp_Inf
    ffix.o(x$fpl$ffix) refers (Special) to usenofp.o(x$fpl$usenofp) for __I$use$fp
    ffix.o(x$fpl$ffix) refers to fnaninf.o(x$fpl$fnaninf) for __fpl_fnaninf
    ffix.o(x$fpl$ffixr) refers (Special) to usenofp.o(x$fpl$usenofp) for __I$use$fp
    ffix.o(x$fpl$ffixr) refers to fnaninf.o(x$fpl$fnaninf) for __fpl_fnaninf
    fgeqf.o(x$fpl$fgeqf) refers (Special) to usenofp.o(x$fpl$usenofp) for __I$use$fp
    fgeqf.o(x$fpl$fgeqf) refers to fnaninf.o(x$fpl$fnaninf) for __fpl_fnaninf
    fgeqf.o(x$fpl$fgeqf) refers to fcmpi.o(x$fpl$fcmpinf) for __fpl_fcmp_Inf
    fleqf.o(x$fpl$fleqf) refers (Special) to usenofp.o(x$fpl$usenofp) for __I$use$fp
    fleqf.o(x$fpl$fleqf) refers to fnaninf.o(x$fpl$fnaninf) for __fpl_fnaninf
    fleqf.o(x$fpl$fleqf) refers to fcmpi.o(x$fpl$fcmpinf) for __fpl_fcmp_Inf
    fnaninf.o(x$fpl$fnaninf) refers (Special) to usenofp.o(x$fpl$usenofp) for __I$use$fp
    fretinf.o(x$fpl$fretinf) refers (Special) to usenofp.o(x$fpl$usenofp) for __I$use$fp
    frnd.o(x$fpl$frnd) refers (Special) to usenofp.o(x$fpl$usenofp) for __I$use$fp
    frnd.o(x$fpl$frnd) refers to fnaninf.o(x$fpl$fnaninf) for __fpl_fnaninf
    fsqrt.o(x$fpl$fsqrt) refers (Special) to usenofp.o(x$fpl$usenofp) for __I$use$fp
    fsqrt.o(x$fpl$fsqrt) refers to fnaninf.o(x$fpl$fnaninf) for __fpl_fnaninf
    scalbn.o(x$fpl$scalbn) refers (Special) to usenofp.o(x$fpl$usenofp) for __I$use$fp
    scalbn.o(x$fpl$scalbn) refers to dcheck1.o(x$fpl$dcheck1) for __fpl_dcheck_NaN1
    atan.o(i.__softfp_atan) refers (Special) to usenofp.o(x$fpl$usenofp) for __I$use$fp
    atan.o(i.__softfp_atan) refers to atan.o(i.atan) for atan
    atan.o(i.atan) refers (Special) to usenofp.o(x$fpl$usenofp) for __I$use$fp
    atan.o(i.atan) refers to dunder.o(i.__mathlib_dbl_infnan) for __mathlib_dbl_infnan
    atan.o(i.atan) refers to fpclassify.o(i.__ARM_fpclassify) for __ARM_fpclassify
    atan.o(i.atan) refers to dunder.o(i.__mathlib_dbl_underflow) for __mathlib_dbl_underflow
    atan.o(i.atan) refers to daddsub_clz.o(x$fpl$dadd) for __aeabi_dadd
    atan.o(i.atan) refers to scalbn.o(x$fpl$scalbn) for __ARM_scalbn
    atan.o(i.atan) refers to daddsub_clz.o(x$fpl$dsub) for __aeabi_dsub
    atan.o(i.atan) refers to ddiv.o(x$fpl$ddiv) for __aeabi_ddiv
    atan.o(i.atan) refers to dmul.o(x$fpl$dmul) for __aeabi_dmul
    atan.o(i.atan) refers to poly.o(i.__kernel_poly) for __kernel_poly
    atan.o(i.atan) refers to daddsub_clz.o(x$fpl$drsb) for __aeabi_drsub
    atan.o(i.atan) refers to atan.o(.constdata) for .constdata
    atan.o(.constdata) refers (Special) to usenofp.o(x$fpl$usenofp) for __I$use$fp
    dunder.o(i.__mathlib_dbl_divzero) refers to ddiv.o(x$fpl$ddiv) for __aeabi_ddiv
    dunder.o(i.__mathlib_dbl_infnan) refers to scalbn.o(x$fpl$scalbn) for __ARM_scalbn
    dunder.o(i.__mathlib_dbl_infnan2) refers to daddsub_clz.o(x$fpl$dadd) for __aeabi_dadd
    dunder.o(i.__mathlib_dbl_invalid) refers to ddiv.o(x$fpl$ddiv) for __aeabi_ddiv
    dunder.o(i.__mathlib_dbl_overflow) refers to scalbn.o(x$fpl$scalbn) for __ARM_scalbn
    dunder.o(i.__mathlib_dbl_posinfnan) refers to dmul.o(x$fpl$dmul) for __aeabi_dmul
    dunder.o(i.__mathlib_dbl_underflow) refers to scalbn.o(x$fpl$scalbn) for __ARM_scalbn
    fpclassify.o(i.__ARM_fpclassify) refers (Special) to usenofp.o(x$fpl$usenofp) for __I$use$fp
    fpclassifyf.o(i.__ARM_fpclassifyf) refers (Special) to usenofp.o(x$fpl$usenofp) for __I$use$fp
    funder.o(i.__mathlib_flt_divzero) refers to fdiv.o(x$fpl$fdiv) for __aeabi_fdiv
    funder.o(i.__mathlib_flt_infnan) refers to scalbnf.o(x$fpl$scalbnf) for __ARM_scalbnf
    funder.o(i.__mathlib_flt_infnan2) refers to faddsub_clz.o(x$fpl$fadd) for __aeabi_fadd
    funder.o(i.__mathlib_flt_invalid) refers to fdiv.o(x$fpl$fdiv) for __aeabi_fdiv
    funder.o(i.__mathlib_flt_overflow) refers to scalbnf.o(x$fpl$scalbnf) for __ARM_scalbnf
    funder.o(i.__mathlib_flt_posinfnan) refers to fmul.o(x$fpl$fmul) for __aeabi_fmul
    funder.o(i.__mathlib_flt_underflow) refers to scalbnf.o(x$fpl$scalbnf) for __ARM_scalbnf
    poly.o(i.__kernel_poly) refers (Special) to usenofp.o(x$fpl$usenofp) for __I$use$fp
    poly.o(i.__kernel_poly) refers to dmul.o(x$fpl$dmul) for __aeabi_dmul
    poly.o(i.__kernel_poly) refers to daddsub_clz.o(x$fpl$dadd) for __aeabi_dadd
    qnan.o(.constdata) refers (Special) to usenofp.o(x$fpl$usenofp) for __I$use$fp
    rredf.o(i.__mathlib_rredf2) refers (Special) to usenofp.o(x$fpl$usenofp) for __I$use$fp
    rredf.o(i.__mathlib_rredf2) refers to fflt_clz.o(x$fpl$fflt) for __aeabi_i2f
    rredf.o(i.__mathlib_rredf2) refers to fflt_clz.o(x$fpl$ffltu) for __aeabi_ui2f
    rredf.o(i.__mathlib_rredf2) refers to scalbnf.o(x$fpl$scalbnf) for __ARM_scalbnf
    rredf.o(i.__mathlib_rredf2) refers to faddsub_clz.o(x$fpl$fadd) for __aeabi_fadd
    rredf.o(i.__mathlib_rredf2) refers to faddsub_clz.o(x$fpl$fsub) for __aeabi_fsub
    rredf.o(i.__mathlib_rredf2) refers to faddsub_clz.o(x$fpl$frsb) for __aeabi_frsub
    rredf.o(i.__mathlib_rredf2) refers to fmul.o(x$fpl$fmul) for __aeabi_fmul
    rredf.o(i.__mathlib_rredf2) refers to rredf.o(.constdata) for .constdata
    rredf.o(.constdata) refers (Special) to usenofp.o(x$fpl$usenofp) for __I$use$fp
    __rtentry2.o(.ARM.Collect$$rtentry$$00000008) refers to boardinit2.o(.text) for _platform_post_stackheap_init
    __rtentry2.o(.ARM.Collect$$rtentry$$0000000A) refers to libinit.o(.ARM.Collect$$libinit$$00000000) for __rt_lib_init
    __rtentry2.o(.ARM.Collect$$rtentry$$0000000B) refers to boardinit3.o(.text) for _platform_post_lib_init
    __rtentry2.o(.ARM.Collect$$rtentry$$0000000D) refers to main.o(.text.main) for main
    __rtentry2.o(.ARM.Collect$$rtentry$$0000000D) refers to exit.o(.text) for exit
    __rtentry2.o(.ARM.exidx) refers to __rtentry2.o(.ARM.Collect$$rtentry$$00000001) for .ARM.Collect$$rtentry$$00000001
    __rtentry2.o(.ARM.exidx) refers to __rtentry2.o(.ARM.Collect$$rtentry$$00000008) for .ARM.Collect$$rtentry$$00000008
    __rtentry2.o(.ARM.exidx) refers to __rtentry2.o(.ARM.Collect$$rtentry$$0000000A) for .ARM.Collect$$rtentry$$0000000A
    __rtentry2.o(.ARM.exidx) refers to __rtentry2.o(.ARM.Collect$$rtentry$$0000000B) for .ARM.Collect$$rtentry$$0000000B
    __rtentry2.o(.ARM.exidx) refers to __rtentry2.o(.ARM.Collect$$rtentry$$0000000D) for .ARM.Collect$$rtentry$$0000000D
    __rtentry4.o(.ARM.Collect$$rtentry$$00000004) refers to sys_stackheap_outer.o(.text) for __user_setup_stackheap
    __rtentry4.o(.ARM.exidx) refers to __rtentry4.o(.ARM.Collect$$rtentry$$00000004) for .ARM.Collect$$rtentry$$00000004
    rt_errno_addr.o(.text) refers to rt_errno_addr.o(.bss) for __aeabi_errno_addr_data
    rt_errno_addr_intlibspace.o(.text) refers to libspace.o(.bss) for __libspace_start
    dcheck1.o(x$fpl$dcheck1) refers (Special) to usenofp.o(x$fpl$usenofp) for __I$use$fp
    dcheck1.o(x$fpl$dcheck1) refers to retnan.o(x$fpl$retnan) for __fpl_return_NaN
    dcmpi.o(x$fpl$dcmpinf) refers (Special) to usenofp.o(x$fpl$usenofp) for __I$use$fp
    fcmpi.o(x$fpl$fcmpinf) refers (Special) to usenofp.o(x$fpl$usenofp) for __I$use$fp
    scalbnf.o(x$fpl$scalbnf) refers (Special) to usenofp.o(x$fpl$usenofp) for __I$use$fp
    scalbnf.o(x$fpl$scalbnf) refers to fcheck1.o(x$fpl$fcheck1) for __fpl_fcheck_NaN1
    libspace.o(.text) refers to libspace.o(.bss) for __libspace_start
    sys_stackheap_outer.o(.text) refers to libspace.o(.text) for __user_perproc_libspace
    sys_stackheap_outer.o(.text) refers to startup_stm32f103xb.o(.text) for __user_initial_stackheap
    exit.o(.text) refers to rtexit.o(.ARM.Collect$$rtexit$$00000000) for __rt_exit
    libinit.o(.ARM.Collect$$libinit$$00000000) refers (Special) to libinit2.o(.ARM.Collect$$libinit$$00000030) for __rt_lib_init_alloca_1
    libinit.o(.ARM.Collect$$libinit$$00000000) refers (Special) to libinit2.o(.ARM.Collect$$libinit$$0000002E) for __rt_lib_init_argv_1
    libinit.o(.ARM.Collect$$libinit$$00000000) refers (Special) to libinit2.o(.ARM.Collect$$libinit$$0000001D) for __rt_lib_init_atexit_1
    libinit.o(.ARM.Collect$$libinit$$00000000) refers (Special) to libinit2.o(.ARM.Collect$$libinit$$00000023) for __rt_lib_init_clock_1
    libinit.o(.ARM.Collect$$libinit$$00000000) refers (Special) to libinit2.o(.ARM.Collect$$libinit$$00000034) for __rt_lib_init_cpp_1
    libinit.o(.ARM.Collect$$libinit$$00000000) refers (Special) to libinit2.o(.ARM.Collect$$libinit$$00000032) for __rt_lib_init_exceptions_1
    libinit.o(.ARM.Collect$$libinit$$00000000) refers (Special) to libinit2.o(.ARM.Collect$$libinit$$00000002) for __rt_lib_init_fp_1
    libinit.o(.ARM.Collect$$libinit$$00000000) refers (Special) to libinit2.o(.ARM.Collect$$libinit$$00000021) for __rt_lib_init_fp_trap_1
    libinit.o(.ARM.Collect$$libinit$$00000000) refers (Special) to libinit2.o(.ARM.Collect$$libinit$$00000025) for __rt_lib_init_getenv_1
    libinit.o(.ARM.Collect$$libinit$$00000000) refers (Special) to libinit2.o(.ARM.Collect$$libinit$$0000000C) for __rt_lib_init_heap_1
    libinit.o(.ARM.Collect$$libinit$$00000000) refers (Special) to libinit2.o(.ARM.Collect$$libinit$$00000013) for __rt_lib_init_lc_collate_1
    libinit.o(.ARM.Collect$$libinit$$00000000) refers (Special) to libinit2.o(.ARM.Collect$$libinit$$00000015) for __rt_lib_init_lc_ctype_1
    libinit.o(.ARM.Collect$$libinit$$00000000) refers (Special) to libinit2.o(.ARM.Collect$$libinit$$00000017) for __rt_lib_init_lc_monetary_1
    libinit.o(.ARM.Collect$$libinit$$00000000) refers (Special) to libinit2.o(.ARM.Collect$$libinit$$00000019) for __rt_lib_init_lc_numeric_1
    libinit.o(.ARM.Collect$$libinit$$00000000) refers (Special) to libinit2.o(.ARM.Collect$$libinit$$0000001B) for __rt_lib_init_lc_time_1
    libinit.o(.ARM.Collect$$libinit$$00000000) refers (Special) to libinit2.o(.ARM.Collect$$libinit$$00000006) for __rt_lib_init_preinit_1
    libinit.o(.ARM.Collect$$libinit$$00000000) refers (Special) to libinit2.o(.ARM.Collect$$libinit$$00000010) for __rt_lib_init_rand_1
    libinit.o(.ARM.Collect$$libinit$$00000000) refers (Special) to libinit2.o(.ARM.Collect$$libinit$$00000004) for __rt_lib_init_relocate_pie_1
    libinit.o(.ARM.Collect$$libinit$$00000000) refers (Special) to libinit2.o(.ARM.Collect$$libinit$$00000035) for __rt_lib_init_return
    libinit.o(.ARM.Collect$$libinit$$00000000) refers (Special) to libinit2.o(.ARM.Collect$$libinit$$0000001F) for __rt_lib_init_signal_1
    libinit.o(.ARM.Collect$$libinit$$00000000) refers (Special) to libinit2.o(.ARM.Collect$$libinit$$00000027) for __rt_lib_init_stdio_1
    libinit.o(.ARM.Collect$$libinit$$00000000) refers (Special) to libinit2.o(.ARM.Collect$$libinit$$0000000E) for __rt_lib_init_user_alloc_1
    fcheck1.o(x$fpl$fcheck1) refers (Special) to usenofp.o(x$fpl$usenofp) for __I$use$fp
    fcheck1.o(x$fpl$fcheck1) refers to retnan.o(x$fpl$retnan) for __fpl_return_NaN
    retnan.o(x$fpl$retnan) refers (Special) to usenofp.o(x$fpl$usenofp) for __I$use$fp
    retnan.o(x$fpl$retnan) refers to trapv.o(x$fpl$trapveneer) for __fpl_cmpreturn
    rtexit.o(.ARM.Collect$$rtexit$$00000000) refers (Special) to rtexit2.o(.ARM.Collect$$rtexit$$00000004) for __rt_exit_exit
    rtexit.o(.ARM.Collect$$rtexit$$00000000) refers (Special) to rtexit2.o(.ARM.Collect$$rtexit$$00000003) for __rt_exit_ls
    rtexit.o(.ARM.Collect$$rtexit$$00000000) refers (Special) to rtexit2.o(.ARM.Collect$$rtexit$$00000002) for __rt_exit_prels_1
    rtexit.o(.ARM.exidx) refers (Special) to rtexit2.o(.ARM.Collect$$rtexit$$00000004) for __rt_exit_exit
    rtexit.o(.ARM.exidx) refers (Special) to rtexit2.o(.ARM.Collect$$rtexit$$00000003) for __rt_exit_ls
    rtexit.o(.ARM.exidx) refers (Special) to rtexit2.o(.ARM.Collect$$rtexit$$00000002) for __rt_exit_prels_1
    rtexit.o(.ARM.exidx) refers to rtexit.o(.ARM.Collect$$rtexit$$00000000) for .ARM.Collect$$rtexit$$00000000
    libinit2.o(.ARM.Collect$$libinit$$00000012) refers to libinit2.o(.ARM.Collect$$libinit$$00000011) for .ARM.Collect$$libinit$$00000011
    libinit2.o(.ARM.Collect$$libinit$$00000014) refers to libinit2.o(.ARM.Collect$$libinit$$00000011) for .ARM.Collect$$libinit$$00000011
    libinit2.o(.ARM.Collect$$libinit$$00000016) refers to libinit2.o(.ARM.Collect$$libinit$$00000011) for .ARM.Collect$$libinit$$00000011
    libinit2.o(.ARM.Collect$$libinit$$00000018) refers to libinit2.o(.ARM.Collect$$libinit$$00000011) for .ARM.Collect$$libinit$$00000011
    libinit2.o(.ARM.Collect$$libinit$$0000001A) refers to libinit2.o(.ARM.Collect$$libinit$$00000011) for .ARM.Collect$$libinit$$00000011
    libinit2.o(.ARM.Collect$$libinit$$00000028) refers to argv_veneer.o(.emb_text) for __ARM_argv_veneer
    libinit2.o(.ARM.Collect$$libinit$$00000029) refers to argv_veneer.o(.emb_text) for __ARM_argv_veneer
    trapv.o(x$fpl$trapveneer) refers (Special) to usenofp.o(x$fpl$usenofp) for __I$use$fp
    rtexit2.o(.ARM.Collect$$rtexit$$00000003) refers to libshutdown.o(.ARM.Collect$$libshutdown$$00000000) for __rt_lib_shutdown
    rtexit2.o(.ARM.Collect$$rtexit$$00000004) refers to sys_exit.o(.text) for _sys_exit
    rtexit2.o(.ARM.exidx) refers to rtexit2.o(.ARM.Collect$$rtexit$$00000001) for .ARM.Collect$$rtexit$$00000001
    rtexit2.o(.ARM.exidx) refers to rtexit2.o(.ARM.Collect$$rtexit$$00000003) for .ARM.Collect$$rtexit$$00000003
    rtexit2.o(.ARM.exidx) refers to rtexit2.o(.ARM.Collect$$rtexit$$00000004) for .ARM.Collect$$rtexit$$00000004
    argv_veneer.o(.emb_text) refers to no_argv.o(.text) for __ARM_get_argv
    sys_exit.o(.text) refers (Special) to use_no_semi.o(.text) for __I$use$semihosting
    sys_exit.o(.text) refers (Special) to indicate_semi.o(.text) for __semihosting_library_function
    sys_exit_hlt.o(.text) refers (Special) to use_no_semi.o(.text) for __I$use$semihosting
    sys_exit_hlt.o(.text) refers (Special) to indicate_semi.o(.text) for __semihosting_library_function
    _get_argv_nomalloc.o(.text) refers (Special) to hrguard.o(.text) for __heap_region$guard
    _get_argv_nomalloc.o(.text) refers to defsig_rtmem_outer.o(.text) for __rt_SIGRTMEM
    _get_argv_nomalloc.o(.text) refers to sys_command.o(.text) for _sys_command_string
    libshutdown.o(.ARM.Collect$$libshutdown$$00000000) refers (Special) to libshutdown2.o(.ARM.Collect$$libshutdown$$00000002) for __rt_lib_shutdown_cpp_1
    libshutdown.o(.ARM.Collect$$libshutdown$$00000000) refers (Special) to libshutdown2.o(.ARM.Collect$$libshutdown$$00000007) for __rt_lib_shutdown_fp_trap_1
    libshutdown.o(.ARM.Collect$$libshutdown$$00000000) refers (Special) to libshutdown2.o(.ARM.Collect$$libshutdown$$0000000F) for __rt_lib_shutdown_heap_1
    libshutdown.o(.ARM.Collect$$libshutdown$$00000000) refers (Special) to libshutdown2.o(.ARM.Collect$$libshutdown$$00000010) for __rt_lib_shutdown_return
    libshutdown.o(.ARM.Collect$$libshutdown$$00000000) refers (Special) to libshutdown2.o(.ARM.Collect$$libshutdown$$0000000A) for __rt_lib_shutdown_signal_1
    libshutdown.o(.ARM.Collect$$libshutdown$$00000000) refers (Special) to libshutdown2.o(.ARM.Collect$$libshutdown$$00000004) for __rt_lib_shutdown_stdio_1
    libshutdown.o(.ARM.Collect$$libshutdown$$00000000) refers (Special) to libshutdown2.o(.ARM.Collect$$libshutdown$$0000000C) for __rt_lib_shutdown_user_alloc_1
    sys_command.o(.text) refers (Special) to use_no_semi.o(.text) for __I$use$semihosting
    sys_command.o(.text) refers (Special) to indicate_semi.o(.text) for __semihosting_library_function
    sys_command_hlt.o(.text) refers (Special) to use_no_semi.o(.text) for __I$use$semihosting
    sys_command_hlt.o(.text) refers (Special) to indicate_semi.o(.text) for __semihosting_library_function
    defsig_rtmem_outer.o(.text) refers to defsig_rtmem_inner.o(.text) for __rt_SIGRTMEM_inner
    defsig_rtmem_outer.o(.text) refers to defsig_exit.o(.text) for __sig_exit
    defsig_rtmem_formal.o(.text) refers to rt_raise.o(.text) for __rt_raise
    rt_raise.o(.text) refers to __raise.o(.text) for __raise
    rt_raise.o(.text) refers to sys_exit.o(.text) for _sys_exit
    defsig_exit.o(.text) refers to sys_exit.o(.text) for _sys_exit
    defsig_rtmem_inner.o(.text) refers to defsig_general.o(.text) for __default_signal_display
    __raise.o(.text) refers to defsig.o(CL$$defsig) for __default_signal_handler
    defsig_general.o(.text) refers to sys_wrch.o(.text) for _ttywrch
    sys_wrch.o(.text) refers (Special) to use_no_semi.o(.text) for __I$use$semihosting
    sys_wrch.o(.text) refers (Special) to indicate_semi.o(.text) for __semihosting_library_function
    sys_wrch_hlt.o(.text) refers (Special) to use_no_semi.o(.text) for __I$use$semihosting
    sys_wrch_hlt.o(.text) refers (Special) to indicate_semi.o(.text) for __semihosting_library_function
    defsig.o(CL$$defsig) refers to defsig_rtmem_inner.o(.text) for __rt_SIGRTMEM_inner
    defsig_abrt_inner.o(.text) refers to defsig_general.o(.text) for __default_signal_display
    defsig_fpe_inner.o(.text) refers to defsig_general.o(.text) for __default_signal_display
    defsig_rtred_inner.o(.text) refers to defsig_general.o(.text) for __default_signal_display
    defsig_stak_inner.o(.text) refers to defsig_general.o(.text) for __default_signal_display
    defsig_pvfn_inner.o(.text) refers to defsig_general.o(.text) for __default_signal_display
    defsig_cppl_inner.o(.text) refers to defsig_general.o(.text) for __default_signal_display
    defsig_segv_inner.o(.text) refers to defsig_general.o(.text) for __default_signal_display
    defsig_other.o(.text) refers to defsig_general.o(.text) for __default_signal_display

